Archive member included because of file (symbol)

/opt/local/lib/gcc/arm-none-eabi/4.7.2/../../../../arm-none-eabi/lib/thumb/libc.a(lib_a-ctype_.o)
                              Ap_StrCmd.o (__ctype_ptr__)
/opt/local/lib/gcc/arm-none-eabi/4.7.2/../../../../arm-none-eabi/lib/thumb/libc.a(lib_a-sscanf.o)
                              Ap_StrCmd.o (sscanf)
/opt/local/lib/gcc/arm-none-eabi/4.7.2/../../../../arm-none-eabi/lib/thumb/libc.a(lib_a-stdio.o)
                              /opt/local/lib/gcc/arm-none-eabi/4.7.2/../../../../arm-none-eabi/lib/thumb/libc.a(lib_a-sscanf.o) (__seofread)
/opt/local/lib/gcc/arm-none-eabi/4.7.2/../../../../arm-none-eabi/lib/thumb/libc.a(lib_a-strcmp.o)
                              Ap_StrCmd_MOVE.o (strcmp)
/opt/local/lib/gcc/arm-none-eabi/4.7.2/../../../../arm-none-eabi/lib/thumb/libc.a(lib_a-strlen.o)
                              Ap_StrCmd.o (strlen)
/opt/local/lib/gcc/arm-none-eabi/4.7.2/../../../../arm-none-eabi/lib/thumb/libc.a(lib_a-strncmp.o)
                              Ap_StrCmd.o (strncmp)
/opt/local/lib/gcc/arm-none-eabi/4.7.2/../../../../arm-none-eabi/lib/thumb/libc.a(lib_a-strtok.o)
                              Lb_Util.o (strtok)
/opt/local/lib/gcc/arm-none-eabi/4.7.2/../../../../arm-none-eabi/lib/thumb/libc.a(lib_a-strtok_r.o)
                              /opt/local/lib/gcc/arm-none-eabi/4.7.2/../../../../arm-none-eabi/lib/thumb/libc.a(lib_a-strtok.o) (__strtok_r)
/opt/local/lib/gcc/arm-none-eabi/4.7.2/../../../../arm-none-eabi/lib/thumb/libc.a(lib_a-svfscanf.o)
                              /opt/local/lib/gcc/arm-none-eabi/4.7.2/../../../../arm-none-eabi/lib/thumb/libc.a(lib_a-sscanf.o) (__ssvfscanf_r)
/opt/local/lib/gcc/arm-none-eabi/4.7.2/../../../../arm-none-eabi/lib/thumb/libc.a(lib_a-writer.o)
                              /opt/local/lib/gcc/arm-none-eabi/4.7.2/../../../../arm-none-eabi/lib/thumb/libc.a(lib_a-stdio.o) (_write_r)
/opt/local/lib/gcc/arm-none-eabi/4.7.2/../../../../arm-none-eabi/lib/thumb/libc.a(lib_a-closer.o)
                              /opt/local/lib/gcc/arm-none-eabi/4.7.2/../../../../arm-none-eabi/lib/thumb/libc.a(lib_a-stdio.o) (_close_r)
/opt/local/lib/gcc/arm-none-eabi/4.7.2/../../../../arm-none-eabi/lib/thumb/libc.a(lib_a-impure.o)
                              /opt/local/lib/gcc/arm-none-eabi/4.7.2/../../../../arm-none-eabi/lib/thumb/libc.a(lib_a-sscanf.o) (_impure_ptr)
/opt/local/lib/gcc/arm-none-eabi/4.7.2/../../../../arm-none-eabi/lib/thumb/libc.a(lib_a-iswspace.o)
                              /opt/local/lib/gcc/arm-none-eabi/4.7.2/../../../../arm-none-eabi/lib/thumb/libc.a(lib_a-svfscanf.o) (iswspace)
/opt/local/lib/gcc/arm-none-eabi/4.7.2/../../../../arm-none-eabi/lib/thumb/libc.a(lib_a-locale.o)
                              /opt/local/lib/gcc/arm-none-eabi/4.7.2/../../../../arm-none-eabi/lib/thumb/libc.a(lib_a-svfscanf.o) (__locale_mb_cur_max)
/opt/local/lib/gcc/arm-none-eabi/4.7.2/../../../../arm-none-eabi/lib/thumb/libc.a(lib_a-lseekr.o)
                              /opt/local/lib/gcc/arm-none-eabi/4.7.2/../../../../arm-none-eabi/lib/thumb/libc.a(lib_a-stdio.o) (_lseek_r)
/opt/local/lib/gcc/arm-none-eabi/4.7.2/../../../../arm-none-eabi/lib/thumb/libc.a(lib_a-mbrtowc.o)
                              /opt/local/lib/gcc/arm-none-eabi/4.7.2/../../../../arm-none-eabi/lib/thumb/libc.a(lib_a-svfscanf.o) (_mbrtowc_r)
/opt/local/lib/gcc/arm-none-eabi/4.7.2/../../../../arm-none-eabi/lib/thumb/libc.a(lib_a-mbtowc_r.o)
                              /opt/local/lib/gcc/arm-none-eabi/4.7.2/../../../../arm-none-eabi/lib/thumb/libc.a(lib_a-mbrtowc.o) (__mbtowc)
/opt/local/lib/gcc/arm-none-eabi/4.7.2/../../../../arm-none-eabi/lib/thumb/libc.a(lib_a-memset.o)
                              /opt/local/lib/gcc/arm-none-eabi/4.7.2/../../../../arm-none-eabi/lib/thumb/libc.a(lib_a-svfscanf.o) (memset)
/opt/local/lib/gcc/arm-none-eabi/4.7.2/../../../../arm-none-eabi/lib/thumb/libc.a(lib_a-readr.o)
                              /opt/local/lib/gcc/arm-none-eabi/4.7.2/../../../../arm-none-eabi/lib/thumb/libc.a(lib_a-stdio.o) (_read_r)
/opt/local/lib/gcc/arm-none-eabi/4.7.2/../../../../arm-none-eabi/lib/thumb/libc.a(lib_a-reent.o)
                              /opt/local/lib/gcc/arm-none-eabi/4.7.2/../../../../arm-none-eabi/lib/thumb/libc.a(lib_a-writer.o) (errno)
/opt/local/lib/gcc/arm-none-eabi/4.7.2/../../../../arm-none-eabi/lib/thumb/libc.a(lib_a-s_fpclassify.o)
                              /opt/local/lib/gcc/arm-none-eabi/4.7.2/../../../../arm-none-eabi/lib/thumb/libc.a(lib_a-svfscanf.o) (__fpclassifyd)
/opt/local/lib/gcc/arm-none-eabi/4.7.2/../../../../arm-none-eabi/lib/thumb/libc.a(lib_a-sccl.o)
                              /opt/local/lib/gcc/arm-none-eabi/4.7.2/../../../../arm-none-eabi/lib/thumb/libc.a(lib_a-svfscanf.o) (__sccl)
/opt/local/lib/gcc/arm-none-eabi/4.7.2/../../../../arm-none-eabi/lib/thumb/libc.a(lib_a-sf_nan.o)
[...]
Memory Configuration

Name             Origin             Length             Attributes
RAM              0x0000000020000000 0x0000000000005000 xrw
EXTSRAM          0x0000000068000000 0x0000000000000000 xrw
FLASH            0x0000000008000000 0x000000000001f800 xr
EEMUL            0x000000000801f800 0x0000000000000800 xrw
*default*        0x0000000000000000 0xffffffffffffffff

Linker script and memory map

LOAD main.o
LOAD Ap.o
LOAD Ap_RadioMenu.o
LOAD Ap_Radio.o
LOAD Ap_GLcdMenu.o
LOAD Ap_EduMenu.o
LOAD Ap_StrCmd.o
LOAD Ap_StrCmd_Q.o
LOAD Ap_StrCmd_List.o
LOAD Ap_StrCmd_MOVE.o
LOAD Lb_Util.o
LOAD Lb_Printf.o
LOAD Hw_StartUp.o
LOAD Hw.o
LOAD Hw_Uart.o
LOAD Hw_PLL.o
LOAD Hw_Led.o
LOAD Hw_Uart_Q.o
LOAD Hw_ISR.o
LOAD Hw_Timer.o
LOAD Hw_VCom.o
LOAD Hw_I2C.o
LOAD Hw_I2C_SW.o
LOAD Hw_Si47xx.o
LOAD Hw_SPI.o
LOAD Hw_N5110G.o
LOAD Hw_DMA.o
LOAD Hw_VBus.o
LOAD Hw_KeyPad.o
LOAD Hw_7Seg.o
LOAD Hw_CLcd.o
LOAD Hw_Adc.o
LOAD Hw_Cds.o
LOAD Hw_DcMotor.o
LOAD usb_desc.o
LOAD usb_endp.o
LOAD usb_istr.o
LOAD usb_prop.o
LOAD usb_pwr.o
LOAD hw_config.o
LOAD usb_core.o
LOAD usb_init.o
LOAD usb_mem.o
LOAD usb_regs.o
LOAD usb_sil.o
LOAD usb_int.o
LOAD /opt/local/lib/gcc/arm-none-eabi/4.7.2/../../../../arm-none-eabi/lib/thumb/libc.a
LOAD /opt/local/lib/gcc/arm-none-eabi/4.7.2/../../../../arm-none-eabi/lib/thumb/libm.a
LOAD /opt/local/lib/gcc/arm-none-eabi/4.7.2/../../../../arm-none-eabi/lib/thumb/libc.a
LOAD /opt/local/lib/gcc/arm-none-eabi/4.7.2/thumb/libgcc.a
                0x0000000020005000                _estack = (ORIGIN (RAM) + 0x5000)
                0x000000000801f800                _seemul = ORIGIN (EEMUL)
                0x0000000000000100                _Minimum_Stack_Size = 0x100
                0x0000000000000001                ASSERT ((ORIGIN (FLASH) == ALIGN (ORIGIN (FLASH), 0x80)), Start of memory region flash not aligned for startup vector table)

.text           0x0000000008000000     0xdfa4
                0x0000000008000000                . = ALIGN (0x80)
                0x0000000000000000                _isr_vectorsflash_offs = (. - 0x8000000)
 *(.isr_vectorsflash)
 .isr_vectorsflash
                0x0000000008000000        0x8 Hw_StartUp.o
                0x0000000008000000                g_pfnVectors
                0x0000000008000008                . = ALIGN (0x4)
 *(.text)
 .text          0x0000000008000008       0xa0 /opt/local/lib/gcc/arm-none-eabi/4.7.2/../../../../arm-none-eabi/lib/thumb/libc.a(lib_a-sscanf.o)
                0x0000000008000008                sscanf
                0x0000000008000058                _sscanf_r
 .text          0x00000000080000a8       0xac /opt/local/lib/gcc/arm-none-eabi/4.7.2/../../../../arm-none-eabi/lib/thumb/libc.a(lib_a-stdio.o)
                0x00000000080000a8                __sread
                0x00000000080000d4                __seofread
                0x00000000080000d8                __swrite
                0x0000000008000114                __sseek
                0x0000000008000144                __sclose
 .text          0x0000000008000154       0x14 /opt/local/lib/gcc/arm-none-eabi/4.7.2/../../../../arm-none-eabi/lib/thumb/libc.a(lib_a-strcmp.o)
                0x0000000008000154                strcmp
 .text          0x0000000008000168       0x10 /opt/local/lib/gcc/arm-none-eabi/4.7.2/../../../../arm-none-eabi/lib/thumb/libc.a(lib_a-strlen.o)
                0x0000000008000168                strlen
 .text          0x0000000008000178       0xbc /opt/local/lib/gcc/arm-none-eabi/4.7.2/../../../../arm-none-eabi/lib/thumb/libc.a(lib_a-strncmp.o)
                0x0000000008000178                strncmp
 .text          0x0000000008000234       0x18 /opt/local/lib/gcc/arm-none-eabi/4.7.2/../../../../arm-none-eabi/lib/thumb/libc.a(lib_a-strtok.o)
                0x0000000008000234                strtok
 .text          0x000000000800024c       0x7c /opt/local/lib/gcc/arm-none-eabi/4.7.2/../../../../arm-none-eabi/lib/thumb/libc.a(lib_a-strtok_r.o)
                0x000000000800024c                __strtok_r
                0x00000000080002b8                strtok_r
 .text          0x00000000080002c8      0xe0c /opt/local/lib/gcc/arm-none-eabi/4.7.2/../../../../arm-none-eabi/lib/thumb/libc.a(lib_a-svfscanf.o)
                0x00000000080002c8                __ssvfscanf_r
 .text          0x00000000080010d4       0x2c /opt/local/lib/gcc/arm-none-eabi/4.7.2/../../../../arm-none-eabi/lib/thumb/libc.a(lib_a-writer.o)
                0x00000000080010d4                _write_r
 .text          0x0000000008001100       0x28 /opt/local/lib/gcc/arm-none-eabi/4.7.2/../../../../arm-none-eabi/lib/thumb/libc.a(lib_a-closer.o)
                0x0000000008001100                _close_r
 .text          0x0000000008001128       0x20 /opt/local/lib/gcc/arm-none-eabi/4.7.2/../../../../arm-none-eabi/lib/thumb/libc.a(lib_a-iswspace.o)
                0x0000000008001128                iswspace
 .text          0x0000000008001148       0xa0 /opt/local/lib/gcc/arm-none-eabi/4.7.2/../../../../arm-none-eabi/lib/thumb/libc.a(lib_a-locale.o)
                0x0000000008001148                _setlocale_r
                0x0000000008001190                __locale_charset
                0x0000000008001198                __locale_mb_cur_max
                0x00000000080011a4                __locale_msgcharset
                0x00000000080011b0                __locale_cjk_lang
                0x00000000080011b4                _localeconv_r
                0x00000000080011c0                setlocale
                0x00000000080011dc                localeconv
 .text          0x00000000080011e8       0x2c /opt/local/lib/gcc/arm-none-eabi/4.7.2/../../../../arm-none-eabi/lib/thumb/libc.a(lib_a-lseekr.o)
                0x00000000080011e8                _lseek_r
 .text          0x0000000008001214       0xf4 /opt/local/lib/gcc/arm-none-eabi/4.7.2/../../../../arm-none-eabi/lib/thumb/libc.a(lib_a-mbrtowc.o)
                0x0000000008001214                _mbrtowc_r
                0x0000000008001280                mbrtowc
 .text          0x0000000008001308       0x70 /opt/local/lib/gcc/arm-none-eabi/4.7.2/../../../../arm-none-eabi/lib/thumb/libc.a(lib_a-mbtowc_r.o)
                0x0000000008001308                __ascii_mbtowc
                0x0000000008001338                _mbtowc_r
 .text          0x0000000008001378       0x98 /opt/local/lib/gcc/arm-none-eabi/4.7.2/../../../../arm-none-eabi/lib/thumb/libc.a(lib_a-memset.o)
                0x0000000008001378                memset
 .text          0x0000000008001410       0x2c /opt/local/lib/gcc/arm-none-eabi/4.7.2/../../../../arm-none-eabi/lib/thumb/libc.a(lib_a-readr.o)
                0x0000000008001410                _read_r
 .text          0x000000000800143c       0x5c /opt/local/lib/gcc/arm-none-eabi/4.7.2/../../../../arm-none-eabi/lib/thumb/libc.a(lib_a-s_fpclassify.o)
                0x000000000800143c                __fpclassifyd
 .text          0x0000000008001498       0x7c /opt/local/lib/gcc/arm-none-eabi/4.7.2/../../../../arm-none-eabi/lib/thumb/libc.a(lib_a-sccl.o)
                0x0000000008001498                __sccl
 .text          0x0000000008001514        0x8 /opt/local/lib/gcc/arm-none-eabi/4.7.2/../../../../arm-none-eabi/lib/thumb/libc.a(lib_a-sf_nan.o)
                0x0000000008001514                nanf
 .text          0x000000000800151c       0x84 /opt/local/lib/gcc/arm-none-eabi/4.7.2/../../../../arm-none-eabi/lib/thumb/libc.a(lib_a-sprintf.o)
                0x000000000800151c                _sprintf_r
                0x000000000800155c                sprintf
 .text          0x00000000080015a0      0xf10 /opt/local/lib/gcc/arm-none-eabi/4.7.2/../../../../arm-none-eabi/lib/thumb/libc.a(lib_a-strtod.o)
                0x00000000080015a0                _strtod_r
                0x0000000008002460                strtod
                0x000000000800247c                strtof
 .text          0x00000000080024b0      0x190 /opt/local/lib/gcc/arm-none-eabi/4.7.2/../../../../arm-none-eabi/lib/thumb/libc.a(lib_a-strtol.o)
                0x00000000080024b0                _strtol_r
                0x0000000008002620                strtol
 .text          0x0000000008002640      0x198 /opt/local/lib/gcc/arm-none-eabi/4.7.2/../../../../arm-none-eabi/lib/thumb/libc.a(lib_a-strtoul.o)
                0x0000000008002640                _strtoul_r
                0x00000000080027b8                strtoul
 .text          0x00000000080027d8      0xac4 /opt/local/lib/gcc/arm-none-eabi/4.7.2/../../../../arm-none-eabi/lib/thumb/libc.a(lib_a-svfiscanf.o)
                0x00000000080027d8                _sungetc_r
                0x0000000008002860                __ssrefill_r
                0x00000000080028a4                _sfread_r
                0x0000000008002930                __ssvfiscanf_r
 *fill*         0x000000000800329c        0x4 
 .text          0x00000000080032a0     0x13a8 /opt/local/lib/gcc/arm-none-eabi/4.7.2/../../../../arm-none-eabi/lib/thumb/libc.a(lib_a-svfprintf.o)
                0x00000000080032a0                _svfprintf_r
 .text          0x0000000008004648      0x618 /opt/local/lib/gcc/arm-none-eabi/4.7.2/../../../../arm-none-eabi/lib/thumb/libc.a(lib_a-syscalls.o)
                0x00000000080046c0                initialise_monitor_handles
                0x0000000008004738                _swiread
                0x0000000008004760                _read
                0x00000000080047d0                _swilseek
                0x0000000008004878                _lseek
                0x0000000008004890                _swiwrite
                0x00000000080048b8                _write
                0x0000000008004930                _swiopen
                0x00000000080049b4                _open
                0x00000000080049d0                _swiclose
                0x0000000008004a18                _close
                0x0000000008004a30                _kill
                0x0000000008004a60                _exit
                0x0000000008004a78                _getpid
                0x0000000008004a7c                _sbrk
                0x0000000008004ab4                _fstat
                0x0000000008004ad8                _stat
                0x0000000008004b10                _link
                0x0000000008004b18                _unlink
                0x0000000008004b4c                _raise
                0x0000000008004b50                _gettimeofday
                0x0000000008004b7c                _times
                0x0000000008004ba0                _isatty
                0x0000000008004bcc                _system
                0x0000000008004c20                _rename
 .text          0x0000000008004c60      0x188 /opt/local/lib/gcc/arm-none-eabi/4.7.2/../../../../arm-none-eabi/lib/thumb/libc.a(lib_a-ungetc.o)
                0x0000000008004c60                __submore
                0x0000000008004ce8                _ungetc_r
                0x0000000008004dcc                ungetc
 .text          0x0000000008004de8     0x10d0 /opt/local/lib/gcc/arm-none-eabi/4.7.2/../../../../arm-none-eabi/lib/thumb/libc.a(lib_a-dtoa.o)
                0x0000000008004f40                _dtoa_r
 .text          0x0000000008005eb8        0xc /opt/local/lib/gcc/arm-none-eabi/4.7.2/../../../../arm-none-eabi/lib/thumb/libc.a(lib_a-errno.o)
                0x0000000008005eb8                __errno
 .text          0x0000000008005ec4      0x1b8 /opt/local/lib/gcc/arm-none-eabi/4.7.2/../../../../arm-none-eabi/lib/thumb/libc.a(lib_a-fflush.o)
                0x0000000008005ec4                __sflush_r
                0x000000000800601c                _fflush_r
                0x000000000800604c                fflush
 .text          0x000000000800607c      0x1d8 /opt/local/lib/gcc/arm-none-eabi/4.7.2/../../../../arm-none-eabi/lib/thumb/libc.a(lib_a-findfp.o)
                0x0000000008006084                _cleanup_r
                0x00000000080060e4                __sfmoreglue
                0x0000000008006114                _cleanup
                0x0000000008006128                __sinit
                0x000000000800617c                __sfp
                0x000000000800620c                __sfp_lock_acquire
                0x0000000008006210                __sfp_lock_release
                0x0000000008006214                __sinit_lock_acquire
                0x0000000008006218                __sinit_lock_release
                0x000000000800621c                __fp_lock_all
                0x0000000008006238                __fp_unlock_all
 .text          0x0000000008006254      0x238 /opt/local/lib/gcc/arm-none-eabi/4.7.2/../../../../arm-none-eabi/lib/thumb/libc.a(lib_a-freer.o)
                0x0000000008006254                _malloc_trim_r
                0x00000000080062f8                _free_r
 .text          0x000000000800648c       0xb4 /opt/local/lib/gcc/arm-none-eabi/4.7.2/../../../../arm-none-eabi/lib/thumb/libc.a(lib_a-fwalk.o)
                0x000000000800648c                _fwalk
                0x00000000080064e0                _fwalk_reent
 .text          0x0000000008006540      0x66c /opt/local/lib/gcc/arm-none-eabi/4.7.2/../../../../arm-none-eabi/lib/thumb/libc.a(lib_a-gdtoa-gethex.o)
                0x0000000008006604                __hexdig_init
                0x000000000800665c                __gethex
 .text          0x0000000008006bac      0x1dc /opt/local/lib/gcc/arm-none-eabi/4.7.2/../../../../arm-none-eabi/lib/thumb/libc.a(lib_a-gdtoa-hexnan.o)
                0x0000000008006bac                __hexnan
 .text          0x0000000008006d88      0x51c /opt/local/lib/gcc/arm-none-eabi/4.7.2/../../../../arm-none-eabi/lib/thumb/libc.a(lib_a-mallocr.o)
                0x0000000008006d88                _malloc_r
 .text          0x00000000080072a4       0x98 /opt/local/lib/gcc/arm-none-eabi/4.7.2/../../../../arm-none-eabi/lib/thumb/libc.a(lib_a-memchr-stub.o)
                0x00000000080072a4                memchr
 .text          0x000000000800733c       0x90 /opt/local/lib/gcc/arm-none-eabi/4.7.2/../../../../arm-none-eabi/lib/thumb/libc.a(lib_a-memcpy-stub.o)
                0x000000000800733c                memcpy
 .text          0x00000000080073cc        0x8 /opt/local/lib/gcc/arm-none-eabi/4.7.2/../../../../arm-none-eabi/lib/thumb/libc.a(lib_a-mlock.o)
                0x00000000080073cc                __malloc_lock
                0x00000000080073d0                __malloc_unlock
 *fill*         0x00000000080073d4        0x4 
 .text          0x00000000080073d8      0x970 /opt/local/lib/gcc/arm-none-eabi/4.7.2/../../../../arm-none-eabi/lib/thumb/libc.a(lib_a-mprec.o)
                0x00000000080073d8                _Balloc
                0x000000000800742c                _Bfree
                0x0000000008007444                __multadd
                0x00000000080074f0                __s2b
                0x000000000800758c                __hi0bits
                0x00000000080075c4                __lo0bits
                0x0000000008007624                __i2b
                0x000000000800763c                __multiply
                0x00000000080077a0                __pow5mult
                0x0000000008007850                __lshift
                0x0000000008007920                __mcmp
                0x000000000800795c                __mdiff
                0x0000000008007a4c                __ulp
                0x0000000008007a94                __b2d
                0x0000000008007b38                __d2b
                0x0000000008007bf0                __ratio
                0x0000000008007c64                _mprec_log10
                0x0000000008007ca4                __copybits
                0x0000000008007cec                __any_on
 .text          0x0000000008007d48      0x3e8 /opt/local/lib/gcc/arm-none-eabi/4.7.2/../../../../arm-none-eabi/lib/thumb/libc.a(lib_a-reallocr.o)
                0x0000000008007d48                _realloc_r
 .text          0x0000000008008130       0x28 /opt/local/lib/gcc/arm-none-eabi/4.7.2/../../../../arm-none-eabi/lib/thumb/libc.a(lib_a-sbrkr.o)
                0x0000000008008130                _sbrk_r
 .text          0x0000000008008158      0xa00 /opt/local/lib/gcc/arm-none-eabi/4.7.2/../../../../arm-none-eabi/lib/thumb/libc.a(lib_a-svfiprintf.o)
                0x0000000008008158                __ssprint_r
                0x0000000008008288                _svfiprintf_r
 .text          0x0000000008008b58       0x64 /opt/local/lib/gcc/arm-none-eabi/4.7.2/../../../../arm-none-eabi/lib/thumb/libc.a(lib_a-callocr.o)
                0x0000000008008b58                _calloc_r
 .text          0x0000000008008bbc       0xb0 /opt/local/lib/gcc/arm-none-eabi/4.7.2/../../../../arm-none-eabi/lib/thumb/libc.a(lib_a-fclose.o)
                0x0000000008008bbc                _fclose_r
                0x0000000008008c50                fclose
 .text          0x0000000008008c6c       0xb0 /opt/local/lib/gcc/arm-none-eabi/4.7.2/../../../../arm-none-eabi/lib/thumb/libc.a(lib_a-memmove.o)
                0x0000000008008c6c                memmove
 .text          0x0000000008008d1c      0x11c /opt/local/lib/gcc/arm-none-eabi/4.7.2/thumb/libgcc.a(_udivsi3.o)
                0x0000000008008d1c                __udivsi3
                0x0000000008008d1c                __aeabi_uidiv
                0x0000000008008e18                __aeabi_uidivmod
 .text          0x0000000008008e38      0x150 /opt/local/lib/gcc/arm-none-eabi/4.7.2/thumb/libgcc.a(_divsi3.o)
                0x0000000008008e38                __aeabi_idiv
                0x0000000008008e38                __divsi3
                0x0000000008008f68                __aeabi_idivmod
 .text          0x0000000008008f88        0x4 /opt/local/lib/gcc/arm-none-eabi/4.7.2/thumb/libgcc.a(_dvmd_tls.o)
                0x0000000008008f88                __aeabi_ldiv0
                0x0000000008008f88                __aeabi_idiv0
 .text          0x0000000008008f8c      0x41c /opt/local/lib/gcc/arm-none-eabi/4.7.2/thumb/libgcc.a(_arm_addsubdf3.o)
                0x0000000008008f8c                __aeabi_drsub
                0x0000000008008f94                __subdf3
                0x0000000008008f94                __aeabi_dsub
                0x0000000008008f98                __aeabi_dadd
                0x0000000008008f98                __adddf3
                0x00000000080092a8                __aeabi_ui2d
                0x00000000080092a8                __floatunsidf
                0x00000000080092cc                __floatsidf
                0x00000000080092cc                __aeabi_i2d
                0x00000000080092f4                __extendsfdf2
                0x00000000080092f4                __aeabi_f2d
                0x0000000008009334                __aeabi_ul2d
                0x0000000008009334                __floatundidf
                0x0000000008009348                __aeabi_l2d
                0x0000000008009348                __floatdidf
 .text          0x00000000080093a8      0x49c /opt/local/lib/gcc/arm-none-eabi/4.7.2/thumb/libgcc.a(_arm_muldivdf3.o)
                0x00000000080093a8                __aeabi_dmul
                0x00000000080093a8                __muldf3
                0x0000000008009638                __aeabi_ddiv
                0x0000000008009638                __divdf3
 .text          0x0000000008009844      0x144 /opt/local/lib/gcc/arm-none-eabi/4.7.2/thumb/libgcc.a(_arm_cmpdf2.o)
                0x0000000008009844                __gtdf2
                0x0000000008009844                __gedf2
                0x000000000800984c                __ltdf2
                0x000000000800984c                __ledf2
                0x0000000008009854                __eqdf2
                0x0000000008009854                __nedf2
                0x0000000008009854                __cmpdf2
                0x00000000080098dc                __aeabi_cdrcmple
                0x00000000080098f8                __aeabi_cdcmple
                0x00000000080098f8                __aeabi_cdcmpeq
                0x0000000008009910                __aeabi_dcmpeq
                0x0000000008009928                __aeabi_dcmplt
                0x0000000008009940                __aeabi_dcmple
                0x0000000008009958                __aeabi_dcmpge
                0x0000000008009970                __aeabi_dcmpgt
 .text          0x0000000008009988       0x5c /opt/local/lib/gcc/arm-none-eabi/4.7.2/thumb/libgcc.a(_arm_fixdfsi.o)
                0x0000000008009988                __fixdfsi
                0x0000000008009988                __aeabi_d2iz
 .text          0x00000000080099e4       0x54 /opt/local/lib/gcc/arm-none-eabi/4.7.2/thumb/libgcc.a(_arm_fixunsdfsi.o)
                0x00000000080099e4                __fixunsdfsi
                0x00000000080099e4                __aeabi_d2uiz
 .text          0x0000000008009a38       0xa0 /opt/local/lib/gcc/arm-none-eabi/4.7.2/thumb/libgcc.a(_arm_truncdfsf2.o)
                0x0000000008009a38                __aeabi_d2f
                0x0000000008009a38                __truncdfsf2
 *(.text.*)
 .text.LED_Tick
                0x0000000008009ad8       0x10 main.o
                0x0000000008009ad8                LED_Tick
 .text.startup.main
                0x0000000008009ae8       0x50 main.o
                0x0000000008009ae8                main
 .text.Ap_Init  0x0000000008009b38       0x18 Ap.o
                0x0000000008009b38                Ap_Init
 .text.Ap_StrCmd_PutFunc
                0x0000000008009b50       0x14 Ap_StrCmd.o
                0x0000000008009b50                Ap_StrCmd_PutFunc
 .text.Ap_StrCmd_CallBack_RxdISR
                0x0000000008009b64       0x8c Ap_StrCmd.o
                0x0000000008009b64                Ap_StrCmd_CallBack_RxdISR
 .text.Ap_StrCmd_AddCmd
                0x0000000008009bf0       0xbc Ap_StrCmd.o
                0x0000000008009bf0                Ap_StrCmd_AddCmd
 .text.Ap_StrCmd_Init
                0x0000000008009cac       0xc0 Ap_StrCmd.o
                0x0000000008009cac                Ap_StrCmd_Init
 .text.Ap_StrCmd_Print
                0x0000000008009d6c       0x34 Ap_StrCmd.o
                0x0000000008009d6c                Ap_StrCmd_Print
 .text.Ap_StrCmd_SendResp
                0x0000000008009da0       0x68 Ap_StrCmd.o
                0x0000000008009da0                Ap_StrCmd_SendResp
 .text.Ap_StrCmd_ShowMenuHelp
                0x0000000008009e08       0x74 Ap_StrCmd.o
                0x0000000008009e08                Ap_StrCmd_ShowMenuHelp
 .text.Ap_StrCmd_ShowMenu
                0x0000000008009e7c       0x6c Ap_StrCmd.o
                0x0000000008009e7c                Ap_StrCmd_ShowMenu
 .text.Ap_StrCmd_Printf
                0x0000000008009ee8       0x30 Ap_StrCmd.o
                0x0000000008009ee8                Ap_StrCmd_Printf
 .text.Ap_StrCmd_Echo
                0x0000000008009f18       0x78 Ap_StrCmd.o
                0x0000000008009f18                Ap_StrCmd_Echo
 .text.Ap_StrCmd_ShowInfo
                0x0000000008009f90       0x64 Ap_StrCmd.o
                0x0000000008009f90                Ap_StrCmd_ShowInfo
 .text.Ap_StrCmd_ExeFunc
                0x0000000008009ff4       0xec Ap_StrCmd.o
                0x0000000008009ff4                Ap_StrCmd_ExeFunc
 .text.Ap_StrCmd_ExeCmd
                0x000000000800a0e0       0x1c Ap_StrCmd.o
                0x000000000800a0e0                Ap_StrCmd_ExeCmd
 .text.Ap_StrCmd_Q_Init
                0x000000000800a0fc       0x18 Ap_StrCmd_Q.o
                0x000000000800a0fc                Ap_StrCmd_Q_Init
 .text.Ap_StrCmd_Q_SIZE
                0x000000000800a114       0x38 Ap_StrCmd_Q.o
                0x000000000800a114                Ap_StrCmd_Q_SIZE
 .text.Ap_StrCmd_Q_Push
                0x000000000800a14c       0xac Ap_StrCmd_Q.o
                0x000000000800a14c                Ap_StrCmd_Q_Push
 .text.Ap_StrCmd_Q_Pop
                0x000000000800a1f8       0xac Ap_StrCmd_Q.o
                0x000000000800a1f8                Ap_StrCmd_Q_Pop
 .text.Ap_StrCmd_List
                0x000000000800a2a4       0x28 Ap_StrCmd_List.o
                0x000000000800a2a4                Ap_StrCmd_List
 .text.Ap_StrCmd_MOVE
                0x000000000800a2cc       0x70 Ap_StrCmd_MOVE.o
                0x000000000800a2cc                Ap_StrCmd_MOVE
 .text.Lb_Util_PaseArgs
                0x000000000800a33c       0x34 Lb_Util.o
                0x000000000800a33c                Lb_Util_PaseArgs
 .text.Lb_Util_atoi
                0x000000000800a370       0x64 Lb_Util.o
                0x000000000800a370                Lb_Util_atoi
 .text.print_byte_out
                0x000000000800a3d4       0x38 Lb_Printf.o
                0x000000000800a3d4                print_byte_out
 .text.PrintString.part.0
                0x000000000800a40c       0x1c Lb_Printf.o
 .text.DecToLong
                0x000000000800a428       0x48 Lb_Printf.o
                0x000000000800a428                DecToLong
 .text.PrintDec
                0x000000000800a470      0x1a4 Lb_Printf.o
 .text.PrintHex
                0x000000000800a614      0x1dc Lb_Printf.o
 .text.Lb_printf
                0x000000000800a7f0       0xf4 Lb_Printf.o
                0x000000000800a7f0                Lb_printf
 .text.Lb_sprintf
                0x000000000800a8e4      0x104 Lb_Printf.o
                0x000000000800a8e4                Lb_sprintf
 .text.Lb_vsprintf
                0x000000000800a9e8       0xf0 Lb_Printf.o
                0x000000000800a9e8                Lb_vsprintf
 .text.Hw_StartUp_Init
                0x000000000800aad8       0xb0 Hw_StartUp.o
                0x000000000800aad8                Hw_StartUp_Init
 .text.Hw_Init  0x000000000800ab88       0x9c Hw.o
                0x000000000800ab88                Hw_Init
 .text.Hw_ISR_UART2_Handler
                0x000000000800ac24       0x34 Hw_Uart.o
                0x000000000800ac24                Hw_ISR_UART2_Handler
 .text.Hw_ISR_UART1_Handler
                0x000000000800ac58       0x34 Hw_Uart.o
                0x000000000800ac58                Hw_ISR_UART1_Handler
 .text.Hw_Uart_Putch.part.0
                0x000000000800ac8c       0x1c Hw_Uart.o
 .text.Hw_Uart_Open_COM1
                0x000000000800aca8       0x90 Hw_Uart.o
                0x000000000800aca8                Hw_Uart_Open_COM1
 .text.Hw_Uart_Open_COM2
                0x000000000800ad38       0xb8 Hw_Uart.o
                0x000000000800ad38                Hw_Uart_Open_COM2
 .text.Hw_Uart_Init
                0x000000000800adf0       0x4c Hw_Uart.o
                0x000000000800adf0                Hw_Uart_Init
 .text.Hw_Uart_SetReceiveFuncISR
                0x000000000800ae3c       0x14 Hw_Uart.o
                0x000000000800ae3c                Hw_Uart_SetReceiveFuncISR
 .text.Hw_Uart_Putch
                0x000000000800ae50       0x30 Hw_Uart.o
                0x000000000800ae50                Hw_Uart_Putch
 .text.print_byte
                0x000000000800ae80       0x1c Hw_Uart.o
                0x000000000800ae80                print_byte
 .text.Hw_PLL_Init
                0x000000000800ae9c       0x94 Hw_PLL.o
                0x000000000800ae9c                Hw_PLL_Init
 .text.Hw_Led_Init
                0x000000000800af30       0x44 Hw_Led.o
                0x000000000800af30                Hw_Led_Init
 .text.Hw_Led_Toggle
                0x000000000800af74       0x14 Hw_Led.o
                0x000000000800af74                Hw_Led_Toggle
 .text.Hw_Uart_Q_Init
                0x000000000800af88       0x1c Hw_Uart_Q.o
                0x000000000800af88                Hw_Uart_Q_Init
 .text.Hw_Uart_Q_Push
                0x000000000800afa4       0x5c Hw_Uart_Q.o
                0x000000000800afa4                Hw_Uart_Q_Push
 .text.Hw_ISR_Init
                0x000000000800b000       0x14 Hw_ISR.o
                0x000000000800b000                Hw_ISR_Init
 .text.Hw_ISR_SetIRQFunc
                0x000000000800b014       0x10 Hw_ISR.o
                0x000000000800b014                Hw_ISR_SetIRQFunc
 .text.Hw_ISR_SetIRQFuncByAddr
                0x000000000800b024       0x10 Hw_ISR.o
                0x000000000800b024                Hw_ISR_SetIRQFuncByAddr
 .text.Hw_Timer_SetupISR
                0x000000000800b034       0x1c Hw_Timer.o
                0x000000000800b034                Hw_Timer_SetupISR
 .text.Hw_Timer_Init
                0x000000000800b050       0x7c Hw_Timer.o
                0x000000000800b050                Hw_Timer_Init
 .text.Hw_Timer_Tick
                0x000000000800b0cc       0x6c Hw_Timer.o
                0x000000000800b0cc                Hw_Timer_Tick
 .text.Hw_Timer_ISR
                0x000000000800b138       0x10 Hw_Timer.o
                0x000000000800b138                Hw_Timer_ISR
 .text.Hw_Timer_Set
                0x000000000800b148       0x20 Hw_Timer.o
                0x000000000800b148                Hw_Timer_Set
 .text.Hw_Timer_Start
                0x000000000800b168       0x14 Hw_Timer.o
                0x000000000800b168                Hw_Timer_Start
 .text.Hw_VCom_Init
                0x000000000800b17c       0x2c Hw_VCom.o
                0x000000000800b17c                Hw_VCom_Init
 .text.Hw_Adc_Init
                0x000000000800b1a8       0xa0 Hw_Adc.o
                0x000000000800b1a8                Hw_Adc_Init
 .text.Hw_DcMotor_Run
                0x000000000800b248       0xc0 Hw_DcMotor.o
                0x000000000800b248                Hw_DcMotor_Run
 .text.Hw_DcMotor_Stop
                0x000000000800b308       0x74 Hw_DcMotor.o
                0x000000000800b308                Hw_DcMotor_Stop
 .text.Hw_DcMotor_Init
                0x000000000800b37c      0x118 Hw_DcMotor.o
                0x000000000800b37c                Hw_DcMotor_Init
 .text.Hw_DcMotor_Tick
                0x000000000800b494       0xac Hw_DcMotor.o
                0x000000000800b494                Hw_DcMotor_Tick
 .text.Hw_DcMotor_Handle
                0x000000000800b540       0xa0 Hw_DcMotor.o
                0x000000000800b540                Hw_DcMotor_Handle
 .text.EP1_IN_Callback
                0x000000000800b5e0       0x74 usb_endp.o
                0x000000000800b5e0                EP1_IN_Callback
 .text.EP3_OUT_Callback
                0x000000000800b654       0x34 usb_endp.o
                0x000000000800b654                EP3_OUT_Callback
 .text.SOF_Callback
                0x000000000800b688       0x30 usb_endp.o
                0x000000000800b688                SOF_Callback
 .text.USB_Istr
                0x000000000800b6b8      0x1e8 usb_istr.o
                0x000000000800b6b8                USB_Istr
 .text.Virtual_Com_Port_SetConfiguration
                0x000000000800b8a0       0x18 usb_prop.o
                0x000000000800b8a0                Virtual_Com_Port_SetConfiguration
 .text.Virtual_Com_Port_SetDeviceAddress
                0x000000000800b8b8       0x10 usb_prop.o
                0x000000000800b8b8                Virtual_Com_Port_SetDeviceAddress
 .text.Virtual_Com_Port_Status_In
                0x000000000800b8c8       0x14 usb_prop.o
                0x000000000800b8c8                Virtual_Com_Port_Status_In
 .text.Virtual_Com_Port_Status_Out
                0x000000000800b8dc        0x4 usb_prop.o
                0x000000000800b8dc                Virtual_Com_Port_Status_Out
 .text.Virtual_Com_Port_Data_Setup
                0x000000000800b8e0       0x60 usb_prop.o
                0x000000000800b8e0                Virtual_Com_Port_Data_Setup
 .text.Virtual_Com_Port_NoData_Setup
                0x000000000800b940       0x24 usb_prop.o
                0x000000000800b940                Virtual_Com_Port_NoData_Setup
 .text.Virtual_Com_Port_Get_Interface_Setting
                0x000000000800b964       0x10 usb_prop.o
                0x000000000800b964                Virtual_Com_Port_Get_Interface_Setting
 .text.Virtual_Com_Port_GetLineCoding
                0x000000000800b974       0x18 usb_prop.o
                0x000000000800b974                Virtual_Com_Port_GetLineCoding
 .text.Virtual_Com_Port_SetLineCoding
                0x000000000800b98c       0x18 usb_prop.o
                0x000000000800b98c                Virtual_Com_Port_SetLineCoding
 .text.Virtual_Com_Port_GetStringDescriptor
                0x000000000800b9a4       0x28 usb_prop.o
                0x000000000800b9a4                Virtual_Com_Port_GetStringDescriptor
 .text.Virtual_Com_Port_GetConfigDescriptor
                0x000000000800b9cc       0x18 usb_prop.o
                0x000000000800b9cc                Virtual_Com_Port_GetConfigDescriptor
 .text.Virtual_Com_Port_GetDeviceDescriptor
                0x000000000800b9e4       0x18 usb_prop.o
                0x000000000800b9e4                Virtual_Com_Port_GetDeviceDescriptor
 .text.Virtual_Com_Port_Reset
                0x000000000800b9fc      0x110 usb_prop.o
                0x000000000800b9fc                Virtual_Com_Port_Reset
 .text.Virtual_Com_Port_init
                0x000000000800bb0c       0x3c usb_prop.o
                0x000000000800bb0c                Virtual_Com_Port_init
 .text.PowerOn  0x000000000800bb48       0x3c usb_pwr.o
                0x000000000800bb48                PowerOn
 .text.Suspend  0x000000000800bb84      0x108 usb_pwr.o
                0x000000000800bb84                Suspend
 .text.Resume_Init
                0x000000000800bc8c       0x28 usb_pwr.o
                0x000000000800bc8c                Resume_Init
 .text.Resume   0x000000000800bcb4       0xbc usb_pwr.o
                0x000000000800bcb4                Resume
 .text.USBWakeUp_IRQHandler
                0x000000000800bd70       0x10 hw_config.o
                0x000000000800bd70                USBWakeUp_IRQHandler
 .text.IntToUnicode
                0x000000000800bd80       0x3c hw_config.o
 .text.USB_LP_IRQHandler
                0x000000000800bdbc       0x10 hw_config.o
                0x000000000800bdbc                USB_LP_IRQHandler
 .text.Set_System
                0x000000000800bdcc       0x20 hw_config.o
                0x000000000800bdcc                Set_System
 .text.Set_USBClock
                0x000000000800bdec       0x24 hw_config.o
                0x000000000800bdec                Set_USBClock
 .text.Leave_LowPowerMode
                0x000000000800be10       0x20 hw_config.o
                0x000000000800be10                Leave_LowPowerMode
 .text.USB_Interrupts_Config
                0x000000000800be30       0xb0 hw_config.o
                0x000000000800be30                USB_Interrupts_Config
 .text.USB_Cable_Config
                0x000000000800bee0       0x1c hw_config.o
                0x000000000800bee0                USB_Cable_Config
 .text.USB_To_USART_Send_Data
                0x000000000800befc       0x2c hw_config.o
                0x000000000800befc                USB_To_USART_Send_Data
 .text.Handle_USBAsynchXfer
                0x000000000800bf28       0xa4 hw_config.o
                0x000000000800bf28                Handle_USBAsynchXfer
 .text.Get_SerialNum
                0x000000000800bfcc       0x44 hw_config.o
                0x000000000800bfcc                Get_SerialNum
 .text.__WFI    0x000000000800c010        0x4 hw_config.o
                0x000000000800c010                __WFI
 .text.Standard_GetConfiguration
                0x000000000800c014       0x28 usb_core.o
                0x000000000800c014                Standard_GetConfiguration
 .text.Standard_GetInterface
                0x000000000800c03c       0x28 usb_core.o
                0x000000000800c03c                Standard_GetInterface
 .text.Standard_GetStatus
                0x000000000800c064       0x98 usb_core.o
                0x000000000800c064                Standard_GetStatus
 .text.DataStageIn
                0x000000000800c0fc       0xd0 usb_core.o
 .text.Standard_SetConfiguration
                0x000000000800c1cc       0x3c usb_core.o
                0x000000000800c1cc                Standard_SetConfiguration
 .text.Standard_SetInterface
                0x000000000800c208       0x50 usb_core.o
                0x000000000800c208                Standard_SetInterface
 .text.Standard_ClearFeature
                0x000000000800c258       0xf8 usb_core.o
                0x000000000800c258                Standard_ClearFeature
 .text.Standard_SetEndPointFeature
                0x000000000800c350       0x98 usb_core.o
                0x000000000800c350                Standard_SetEndPointFeature
 .text.Standard_GetDescriptorData
                0x000000000800c3e8       0x1c usb_core.o
                0x000000000800c3e8                Standard_GetDescriptorData
 .text.Post0_Process
                0x000000000800c404       0x48 usb_core.o
                0x000000000800c404                Post0_Process
 .text.Out0_Process
                0x000000000800c44c       0xfc usb_core.o
                0x000000000800c44c                Out0_Process
 .text.Setup0_Process
                0x000000000800c548      0x394 usb_core.o
                0x000000000800c548                Setup0_Process
 .text.SetDeviceAddress
                0x000000000800c8dc       0x44 usb_core.o
                0x000000000800c8dc                SetDeviceAddress
 .text.In0_Process
                0x000000000800c920       0x6c usb_core.o
                0x000000000800c920                In0_Process
 .text.NOP_Process
                0x000000000800c98c        0x4 usb_core.o
                0x000000000800c98c                NOP_Process
 .text.USB_Init
                0x000000000800c990       0x44 usb_init.o
                0x000000000800c990                USB_Init
 .text.UserToPMABufferCopy
                0x000000000800c9d4       0x34 usb_mem.o
                0x000000000800c9d4                UserToPMABufferCopy
 .text.PMAToUserBufferCopy
                0x000000000800ca08       0x24 usb_mem.o
                0x000000000800ca08                PMAToUserBufferCopy
 .text.SetBTABLE
                0x000000000800ca2c       0x14 usb_regs.o
                0x000000000800ca2c                SetBTABLE
 .text.SetEPType
                0x000000000800ca40       0x18 usb_regs.o
                0x000000000800ca40                SetEPType
 .text.SetEPTxStatus
                0x000000000800ca58       0x40 usb_regs.o
                0x000000000800ca58                SetEPTxStatus
 .text.SetEPRxStatus
                0x000000000800ca98       0x40 usb_regs.o
                0x000000000800ca98                SetEPRxStatus
 .text.SetEPTxValid
                0x000000000800cad8       0x24 usb_regs.o
                0x000000000800cad8                SetEPTxValid
 .text.SetEPRxValid
                0x000000000800cafc       0x24 usb_regs.o
                0x000000000800cafc                SetEPRxValid
 .text.Clear_Status_Out
                0x000000000800cb20       0x20 usb_regs.o
                0x000000000800cb20                Clear_Status_Out
 .text.ClearDTOG_RX
                0x000000000800cb40       0x24 usb_regs.o
                0x000000000800cb40                ClearDTOG_RX
 .text.ClearDTOG_TX
                0x000000000800cb64       0x24 usb_regs.o
                0x000000000800cb64                ClearDTOG_TX
 .text.SetEPTxAddr
                0x000000000800cb88       0x24 usb_regs.o
                0x000000000800cb88                SetEPTxAddr
 .text.SetEPRxAddr
                0x000000000800cbac       0x28 usb_regs.o
                0x000000000800cbac                SetEPRxAddr
 .text.GetEPTxAddr
                0x000000000800cbd4       0x20 usb_regs.o
                0x000000000800cbd4                GetEPTxAddr
 .text.GetEPRxAddr
                0x000000000800cbf4       0x20 usb_regs.o
                0x000000000800cbf4                GetEPRxAddr
 .text.SetEPTxCount
                0x000000000800cc14       0x20 usb_regs.o
                0x000000000800cc14                SetEPTxCount
 .text.SetEPRxCount
                0x000000000800cc34       0x44 usb_regs.o
                0x000000000800cc34                SetEPRxCount
 .text.GetEPRxCount
                0x000000000800cc78       0x24 usb_regs.o
                0x000000000800cc78                GetEPRxCount
 .text.ByteSwap
                0x000000000800cc9c        0xc usb_regs.o
                0x000000000800cc9c                ByteSwap
 .text.USB_SIL_Init
                0x000000000800cca8       0x2c usb_sil.o
                0x000000000800cca8                USB_SIL_Init
 .text.USB_SIL_Read
                0x000000000800ccd4       0x38 usb_sil.o
                0x000000000800ccd4                USB_SIL_Read
 .text.CTR_LP   0x000000000800cd0c      0x1bc usb_int.o
                0x000000000800cd0c                CTR_LP
 .text.CTR_LP.__stub
                0x000000000800cec8        0x8 linker stubs
 *(.stub .gnu.linkonce.t.*)
 *(.rodata .rodata.* .gnu.linkonce.r.*)
 .rodata.str1.4
                0x000000000800ced0       0x14 main.o
 .rodata.str1.4
                0x000000000800cee4      0x153 Ap_StrCmd.o
                                        0x158 (size before relaxing)
 *fill*         0x000000000800d037        0x1 
 .rodata.str1.4
                0x000000000800d038       0x13 Ap_StrCmd_List.o
                                         0x14 (size before relaxing)
 *fill*         0x000000000800d04b        0x1 
 .rodata.str1.4
                0x000000000800d04c        0xb Ap_StrCmd_MOVE.o
                                         0x10 (size before relaxing)
 *fill*         0x000000000800d057        0x1 
 .rodata.str1.4
                0x000000000800d058        0x7 Lb_Util.o
                                          0x8 (size before relaxing)
 *fill*         0x000000000800d05f        0x1 
 .rodata.Virtual_Com_Port_StringVendor
                0x000000000800d060       0x28 usb_desc.o
                0x000000000800d060                Virtual_Com_Port_StringVendor
 .rodata.Virtual_Com_Port_DeviceDescriptor
                0x000000000800d088       0x14 usb_desc.o
                0x000000000800d088                Virtual_Com_Port_DeviceDescriptor
 .rodata.Virtual_Com_Port_StringLangID
                0x000000000800d09c        0x4 usb_desc.o
                0x000000000800d09c                Virtual_Com_Port_StringLangID
 .rodata.Virtual_Com_Port_StringProduct
                0x000000000800d0a0       0x34 usb_desc.o
                0x000000000800d0a0                Virtual_Com_Port_StringProduct
 .rodata.Virtual_Com_Port_ConfigDescriptor
                0x000000000800d0d4       0x44 usb_desc.o
                0x000000000800d0d4                Virtual_Com_Port_ConfigDescriptor
 .rodata        0x000000000800d118      0x104 /opt/local/lib/gcc/arm-none-eabi/4.7.2/../../../../arm-none-eabi/lib/thumb/libc.a(lib_a-ctype_.o)
                0x000000000800d118                _ctype_
 .rodata        0x000000000800d21c      0x47c /opt/local/lib/gcc/arm-none-eabi/4.7.2/../../../../arm-none-eabi/lib/thumb/libc.a(lib_a-svfscanf.o)
 .rodata.str1.4
                0x000000000800d698        0x5 /opt/local/lib/gcc/arm-none-eabi/4.7.2/../../../../arm-none-eabi/lib/thumb/libc.a(lib_a-svfscanf.o)
                                          0x8 (size before relaxing)
 *fill*         0x000000000800d69d        0x3 
 .rodata        0x000000000800d6a0        0x4 /opt/local/lib/gcc/arm-none-eabi/4.7.2/../../../../arm-none-eabi/lib/thumb/libc.a(lib_a-impure.o)
                0x000000000800d6a0                _global_impure_ptr
 .rodata.str1.4
                0x000000000800d6a4        0x2 /opt/local/lib/gcc/arm-none-eabi/4.7.2/../../../../arm-none-eabi/lib/thumb/libc.a(lib_a-impure.o)
                                          0x4 (size before relaxing)
 *fill*         0x000000000800d6a6        0x2 
 .rodata.str1.4
                0x000000000800d6a8        0xa /opt/local/lib/gcc/arm-none-eabi/4.7.2/../../../../arm-none-eabi/lib/thumb/libc.a(lib_a-locale.o)
                                         0x14 (size before relaxing)
 .rodata.str1.4
                0x0000000000000000        0x4 /opt/local/lib/gcc/arm-none-eabi/4.7.2/../../../../arm-none-eabi/lib/thumb/libc.a(lib_a-mbrtowc.o)
 *fill*         0x000000000800d6b2        0x6 
 .rodata        0x000000000800d6b8       0xf8 /opt/local/lib/gcc/arm-none-eabi/4.7.2/../../../../arm-none-eabi/lib/thumb/libc.a(lib_a-strtod.o)
 .rodata.str1.4
                0x000000000800d7b0        0xf /opt/local/lib/gcc/arm-none-eabi/4.7.2/../../../../arm-none-eabi/lib/thumb/libc.a(lib_a-strtod.o)
                                         0x10 (size before relaxing)
 *fill*         0x000000000800d7bf        0x1 
 .rodata        0x000000000800d7c0      0x340 /opt/local/lib/gcc/arm-none-eabi/4.7.2/../../../../arm-none-eabi/lib/thumb/libc.a(lib_a-svfiscanf.o)
 .rodata        0x000000000800db00      0x184 /opt/local/lib/gcc/arm-none-eabi/4.7.2/../../../../arm-none-eabi/lib/thumb/libc.a(lib_a-svfprintf.o)
 .rodata.str1.4
                0x000000000800dc84       0x42 /opt/local/lib/gcc/arm-none-eabi/4.7.2/../../../../arm-none-eabi/lib/thumb/libc.a(lib_a-svfprintf.o)
                                         0x44 (size before relaxing)
 *fill*         0x000000000800dcc6        0x2 
 .rodata.str1.4
                0x000000000800dcc8        0x4 /opt/local/lib/gcc/arm-none-eabi/4.7.2/../../../../arm-none-eabi/lib/thumb/libc.a(lib_a-syscalls.o)
 .rodata.str1.4
                0x000000000800dccc       0x10 /opt/local/lib/gcc/arm-none-eabi/4.7.2/../../../../arm-none-eabi/lib/thumb/libc.a(lib_a-dtoa.o)
                                         0x14 (size before relaxing)
 .rodata.str1.4
                0x000000000800dcdc       0x1c /opt/local/lib/gcc/arm-none-eabi/4.7.2/../../../../arm-none-eabi/lib/thumb/libc.a(lib_a-gdtoa-gethex.o)
 .rodata        0x000000000800dcf8      0x128 /opt/local/lib/gcc/arm-none-eabi/4.7.2/../../../../arm-none-eabi/lib/thumb/libc.a(lib_a-mprec.o)
                0x000000000800dd08                __mprec_tens
                0x000000000800ddd0                __mprec_tinytens
                0x000000000800ddf8                __mprec_bigtens
 .rodata        0x000000000800de20      0x184 /opt/local/lib/gcc/arm-none-eabi/4.7.2/../../../../arm-none-eabi/lib/thumb/libc.a(lib_a-svfiprintf.o)
 .rodata.str1.4
                0x0000000000000000       0x30 /opt/local/lib/gcc/arm-none-eabi/4.7.2/../../../../arm-none-eabi/lib/thumb/libc.a(lib_a-svfiprintf.o)
 *(.glue_7 .glue_7t)
 .glue_7        0x0000000000000000        0x0 linker stubs
 .glue_7t       0x0000000000000000        0x0 linker stubs
                0x000000000800dfa4                . = ALIGN (0x4)
                0x000000000800dfa4                _etext = .
                0x000000000800dfa4                _sidata = _etext

.vfp11_veneer   0x000000000800dfa4        0x0
 .vfp11_veneer  0x0000000000000000        0x0 linker stubs

.v4_bx          0x000000000800dfa4        0x0
 .v4_bx         0x0000000000000000        0x0 linker stubs

.iplt           0x000000000800dfa4        0x0
 .iplt          0x0000000000000000        0x0 main.o

.rel.dyn        0x000000000800dfa4        0x0
 .rel.iplt      0x0000000000000000        0x0 main.o

.data           0x0000000020000000      0x9d0 load address 0x000000000800dfa4
                0x0000000020000000                . = .
                0x0000000020000000                . = ALIGN (0x4)
                0x0000000020000000                _sdata = .
                0x0000000020000000                . = ALIGN (0x80)
                0x0000000000000000                _isr_vectorsram_offs = (. - 0x20000000)
 *(.isr_vectorsram)
                0x0000000020000000                . = ALIGN (0x4)
 *(.ramfunc*)
                0x0000000020000000                . = ALIGN (0x4)
 *(.data .data.* .gnu.linkonce.d.*)
 .data.Virtual_Com_Port_StringSerial
                0x0000000020000000       0x1c usb_desc.o
                0x0000000020000000                Virtual_Com_Port_StringSerial
 .data.pEpInt_IN
                0x000000002000001c       0x1c usb_istr.o
                0x000000002000001c                pEpInt_IN
 .data.pEpInt_OUT
                0x0000000020000038       0x1c usb_istr.o
                0x0000000020000038                pEpInt_OUT
 .data.Config_Descriptor
                0x0000000020000054        0x8 usb_prop.o
                0x0000000020000054                Config_Descriptor
 .data.Device_Property
                0x000000002000005c       0x30 usb_prop.o
                0x000000002000005c                Device_Property
 .data.User_Standard_Requests
                0x000000002000008c       0x24 usb_prop.o
                0x000000002000008c                User_Standard_Requests
 .data.Device_Descriptor
                0x00000000200000b0        0x8 usb_prop.o
                0x00000000200000b0                Device_Descriptor
 .data.String_Descriptor
                0x00000000200000b8       0x20 usb_prop.o
                0x00000000200000b8                String_Descriptor
 .data.linecoding
                0x00000000200000d8        0x8 usb_prop.o
                0x00000000200000d8                linecoding
 .data.Device_Table
                0x00000000200000e0        0x4 usb_prop.o
                0x00000000200000e0                Device_Table
 .data          0x00000000200000e4        0x4 /opt/local/lib/gcc/arm-none-eabi/4.7.2/../../../../arm-none-eabi/lib/thumb/libc.a(lib_a-ctype_.o)
                0x00000000200000e4                __ctype_ptr__
 .data          0x00000000200000e8      0x430 /opt/local/lib/gcc/arm-none-eabi/4.7.2/../../../../arm-none-eabi/lib/thumb/libc.a(lib_a-impure.o)
                0x00000000200000e8                _impure_ptr
 .data          0x0000000020000518       0x7c /opt/local/lib/gcc/arm-none-eabi/4.7.2/../../../../arm-none-eabi/lib/thumb/libc.a(lib_a-locale.o)
                0x0000000020000538                __mb_cur_max
 .data          0x0000000020000594        0x4 /opt/local/lib/gcc/arm-none-eabi/4.7.2/../../../../arm-none-eabi/lib/thumb/libc.a(lib_a-mbtowc_r.o)
                0x0000000020000594                __mbtowc
 .data          0x0000000020000598       0x28 /opt/local/lib/gcc/arm-none-eabi/4.7.2/../../../../arm-none-eabi/lib/thumb/libc.a(lib_a-strtod.o)
 .data          0x00000000200005c0      0x410 /opt/local/lib/gcc/arm-none-eabi/4.7.2/../../../../arm-none-eabi/lib/thumb/libc.a(lib_a-mallocr.o)
                0x00000000200005c0                __malloc_av_
                0x00000000200009c8                __malloc_sbrk_base
                0x00000000200009cc                __malloc_trim_threshold
                0x00000000200009d0                . = ALIGN (0x4)
                0x00000000200009d0                _edata = .

.igot.plt       0x00000000200009d0        0x0 load address 0x000000000800e974
 .igot.plt      0x0000000000000000        0x0 main.o

.bss            0x0000000020000a00     0x1550 load address 0x000000000800ea00
                0x0000000020000a00                . = ALIGN (0x4)
                0x0000000020000a00                _sbss = .
 *(.bss .bss.*)
 .bss.Ap_StrCmd_EchoEnable
                0x0000000020000a00        0x1 Ap_StrCmd.o
                0x0000000020000a00                Ap_StrCmd_EchoEnable
 *fill*         0x0000000020000a01        0x3 
 .bss.StrPrintBufIndex
                0x0000000020000a04        0x4 Lb_Printf.o
                0x0000000020000a04                StrPrintBufIndex
 .bss.StrPrintMode
                0x0000000020000a08        0x1 Lb_Printf.o
                0x0000000020000a08                StrPrintMode
 *fill*         0x0000000020000a09        0x3 
 .bss.Timer_Tbl
                0x0000000020000a0c       0xa0 Hw_Timer.o
 .bss.Hw_Timer_Counter
                0x0000000020000aac        0x4 Hw_Timer.o
 .bss.Tmr_Ctn   0x0000000020000ab0        0x2 Hw_Timer.o
 .bss.Excute.4400
                0x0000000020000ab2        0x1 Hw_Timer.o
 *fill*         0x0000000020000ab3        0x1 
 .bss.Cnt.4390  0x0000000020000ab4        0x2 Hw_DcMotor.o
 *fill*         0x0000000020000ab6        0x2 
 .bss.FrameCount.4848
                0x0000000020000ab8        0x4 usb_endp.o
 .bss.wCNTR     0x0000000020000abc        0x4 usb_istr.o
                0x0000000020000abc                wCNTR
 .bss.bIntPackSOF
                0x0000000020000ac0        0x1 usb_istr.o
                0x0000000020000ac0                bIntPackSOF
 *fill*         0x0000000020000ac1        0x3 
 .bss.esof_counter
                0x0000000020000ac4        0x4 usb_istr.o
                0x0000000020000ac4                esof_counter
 .bss.Request   0x0000000020000ac8        0x1 usb_prop.o
                0x0000000020000ac8                Request
 *fill*         0x0000000020000ac9        0x3 
 .bss.bDeviceState
                0x0000000020000acc        0x4 usb_pwr.o
                0x0000000020000acc                bDeviceState
 .bss.fSuspendEnabled
                0x0000000020000ad0        0x1 usb_pwr.o
                0x0000000020000ad0                fSuspendEnabled
 *fill*         0x0000000020000ad1        0x3 
 .bss.remotewakeupon
                0x0000000020000ad4        0x4 usb_pwr.o
                0x0000000020000ad4                remotewakeupon
 .bss.USB_Tx_State
                0x0000000020000ad8        0x1 hw_config.o
                0x0000000020000ad8                USB_Tx_State
 *fill*         0x0000000020000ad9        0x3 
 .bss.USART_Rx_ptr_in
                0x0000000020000adc        0x4 hw_config.o
                0x0000000020000adc                USART_Rx_ptr_in
 .bss.USART_Rx_ptr_out
                0x0000000020000ae0        0x4 hw_config.o
                0x0000000020000ae0                USART_Rx_ptr_out
 .bss.USART_Rx_length
                0x0000000020000ae4        0x4 hw_config.o
                0x0000000020000ae4                USART_Rx_length
 .bss.Data_Mul_MaxPacketSize
                0x0000000020000ae8        0x1 usb_core.o
                0x0000000020000ae8                Data_Mul_MaxPacketSize
 *fill*         0x0000000020000ae9        0x3 
 .bss           0x0000000020000aec       0xb0 /opt/local/lib/gcc/arm-none-eabi/4.7.2/../../../../arm-none-eabi/lib/thumb/libc.a(lib_a-syscalls.o)
 .bss           0x0000000020000b9c       0x34 /opt/local/lib/gcc/arm-none-eabi/4.7.2/../../../../arm-none-eabi/lib/thumb/libc.a(lib_a-mallocr.o)
                0x0000000020000b9c                __malloc_top_pad
                0x0000000020000ba0                __malloc_current_mallinfo
                0x0000000020000bc8                __malloc_max_sbrked_mem
                0x0000000020000bcc                __malloc_max_total_mem
 *(COMMON)
 COMMON         0x0000000020000bd0      0x3fd Ap_StrCmd.o
                0x0000000020000bd0                Ap_StrCmd_Dic_Ptr
                0x0000000020000f40                Ap_StrCmd_CmdStrExe
                0x0000000020000f7c                Ap_StrCmd_ChSize
                0x0000000020000f7e                Ap_StrCmd_CmdCheck
                0x0000000020000f80                Ap_StrCmd_CmdStr
                0x0000000020000fbc                Ap_StrCmd_DlyCheck
                0x0000000020000fc0                Ap_StrCmd_PrintPtr
                0x0000000020000fc4                Ap_StrCmd_Size
                0x0000000020000fc8                Ap_StrCmd_PutchPtr
                0x0000000020000fcc                Ap_StrCmd_LoopCheck
 *fill*         0x0000000020000fcd        0x3 
 COMMON         0x0000000020000fd0      0x172 Ap_StrCmd_Q.o
                0x0000000020000fd0                Ap_StrCmd_Q_Start
                0x0000000020000fd4                Ap_StrCmd_Q_Buffer
                0x000000002000113c                Ap_StrCmd_Q_End
                0x0000000020001140                Ap_StrCmd_Q_Size
 *fill*         0x0000000020001142        0x2 
 COMMON         0x0000000020001144        0x4 Lb_Printf.o
                0x0000000020001144                pStrPrintBuf
 COMMON         0x0000000020001148       0x3c Hw_Uart.o
                0x0000000020001148                Hw_Uart_Ch
 COMMON         0x0000000020001184      0x116 Hw_Uart_Q.o
                0x0000000020001184                Hw_Uart_Q_Buffer
                0x000000002000126c                Hw_Uart_Q_Size
                0x000000002000127c                Hw_Uart_Q_End
                0x000000002000128c                Hw_Uart_Q_Start
 *fill*         0x000000002000129a      0x166 
 COMMON         0x0000000020001400      0x190 Hw_ISR.o
                0x0000000020001400                Hw_ISR_VectorTable
 COMMON         0x0000000020001590       0x18 Hw_DcMotor.o
                0x0000000020001590                Hw_DcMotor_State
 COMMON         0x00000000200015a8       0x40 usb_endp.o
                0x00000000200015a8                USB_Rx_Buffer
 COMMON         0x00000000200015e8        0x2 usb_istr.o
                0x00000000200015e8                wIstr
 *fill*         0x00000000200015ea        0x2 
 COMMON         0x00000000200015ec       0x24 usb_pwr.o
                0x00000000200015ec                ResumeS
                0x00000000200015f0                EP
 COMMON         0x0000000020001610      0x800 hw_config.o
                0x0000000020001610                USART_Rx_Buffer
 COMMON         0x0000000020001e10        0x2 usb_core.o
                0x0000000020001e10                StatusInfo
 *fill*         0x0000000020001e12        0x2 
 COMMON         0x0000000020001e14       0x32 usb_init.o
                0x0000000020001e14                SaveState
                0x0000000020001e18                pProperty
                0x0000000020001e1c                EPindex
                0x0000000020001e20                Device_Info
                0x0000000020001e3c                pUser_Standard_Requests
                0x0000000020001e40                pInformation
                0x0000000020001e44                wInterrupt_Mask
 COMMON         0x0000000020001e46        0x4 usb_int.o
                0x0000000020001e46                SaveRState
                0x0000000020001e48                SaveTState
 *fill*         0x0000000020001e4a        0x2 
 COMMON         0x0000000020001e4c        0x4 /opt/local/lib/gcc/arm-none-eabi/4.7.2/../../../../arm-none-eabi/lib/thumb/libc.a(lib_a-reent.o)
                0x0000000020001e4c                errno
 COMMON         0x0000000020001e50      0x100 /opt/local/lib/gcc/arm-none-eabi/4.7.2/../../../../arm-none-eabi/lib/thumb/libc.a(lib_a-gdtoa-gethex.o)
                0x0000000020001e50                __hexdig
                0x0000000020001f50                . = ALIGN (0x4)
                0x0000000020001f50                _ebss = .
                0x0000000020001f50                PROVIDE (end, _ebss)
                0x0000000020001f50                PROVIDE (_end, _ebss)

._usrstack      0x0000000020001f50      0x100 load address 0x000000000800ff50
                0x0000000020001f50                . = ALIGN (0x4)
                0x0000000020001f50                _susrstack = .
                0x0000000020002050                . = (. + _Minimum_Stack_Size)
 *fill*         0x0000000020001f50      0x100 
                0x0000000020002050                . = ALIGN (0x4)
                0x0000000020002050                _eusrstack = .
                0x0000000000000400                __Stack_Size = 0x400
                0x0000000000000400                PROVIDE (_Stack_Size, __Stack_Size)
                0x0000000020004c00                __Stack_Init = (_estack - __Stack_Size)
                0x0000000020004c00                PROVIDE (_Stack_Init, __Stack_Init)
OUTPUT(main.elf elf32-littlearm)

.debug_info     0x0000000000000000    0x2863b
 .debug_info    0x0000000000000000      0x1b6 main.o
 .debug_info    0x00000000000001b6       0x91 Ap.o
 .debug_info    0x0000000000000247      0xe78 Ap_StrCmd.o
 .debug_info    0x00000000000010bf      0x2d4 Ap_StrCmd_Q.o
 .debug_info    0x0000000000001393       0xb4 Ap_StrCmd_List.o
 .debug_info    0x0000000000001447      0x1db Ap_StrCmd_MOVE.o
 .debug_info    0x0000000000001622      0x204 Lb_Util.o
 .debug_info    0x0000000000001826      0x960 Lb_Printf.o
 .debug_info    0x0000000000002186      0x14a Hw_StartUp.o
 .debug_info    0x00000000000022d0      0x152 Hw.o
 .debug_info    0x0000000000002422      0x638 Hw_Uart.o
 .debug_info    0x0000000000002a5a       0x7e Hw_PLL.o
 .debug_info    0x0000000000002ad8      0x176 Hw_Led.o
 .debug_info    0x0000000000002c4e      0x280 Hw_Uart_Q.o
 .debug_info    0x0000000000002ece      0x160 Hw_ISR.o
 .debug_info    0x000000000000302e      0x3ab Hw_Timer.o
 .debug_info    0x00000000000033d9      0x14a Hw_VCom.o
 .debug_info    0x0000000000003523      0x170 Hw_Adc.o
 .debug_info    0x0000000000003693      0x663 Hw_DcMotor.o
 .debug_info    0x0000000000003cf6      0x154 usb_desc.o
 .debug_info    0x0000000000003e4a      0x22f usb_endp.o
 .debug_info    0x0000000000004079      0x372 usb_istr.o
 .debug_info    0x00000000000043eb      0xacf usb_prop.o
 .debug_info    0x0000000000004eba      0x34a usb_pwr.o
 .debug_info    0x0000000000005204      0x61b hw_config.o
 .debug_info    0x000000000000581f      0xddf usb_core.o
 .debug_info    0x00000000000065fe      0x46d usb_init.o
 .debug_info    0x0000000000006a6b      0x19b usb_mem.o
 .debug_info    0x0000000000006c06      0xda3 usb_regs.o
 .debug_info    0x00000000000079a9      0x1b9 usb_sil.o
 .debug_info    0x0000000000007b62      0x18d usb_int.o
 .debug_info    0x0000000000007cef       0x6d /opt/local/lib/gcc/arm-none-eabi/4.7.2/../../../../arm-none-eabi/lib/thumb/libc.a(lib_a-ctype_.o)
 .debug_info    0x0000000000007d5c      0xb19 /opt/local/lib/gcc/arm-none-eabi/4.7.2/../../../../arm-none-eabi/lib/thumb/libc.a(lib_a-sscanf.o)
 .debug_info    0x0000000000008875      0xc7c /opt/local/lib/gcc/arm-none-eabi/4.7.2/../../../../arm-none-eabi/lib/thumb/libc.a(lib_a-stdio.o)
 .debug_info    0x00000000000094f1       0xb5 /opt/local/lib/gcc/arm-none-eabi/4.7.2/../../../../arm-none-eabi/lib/thumb/libc.a(lib_a-strcmp.o)
 .debug_info    0x00000000000095a6       0xcd /opt/local/lib/gcc/arm-none-eabi/4.7.2/../../../../arm-none-eabi/lib/thumb/libc.a(lib_a-strlen.o)
 .debug_info    0x0000000000009673       0xf6 /opt/local/lib/gcc/arm-none-eabi/4.7.2/../../../../arm-none-eabi/lib/thumb/libc.a(lib_a-strncmp.o)
 .debug_info    0x0000000000009769      0x9c0 /opt/local/lib/gcc/arm-none-eabi/4.7.2/../../../../arm-none-eabi/lib/thumb/libc.a(lib_a-strtok.o)
 .debug_info    0x000000000000a129      0x18c /opt/local/lib/gcc/arm-none-eabi/4.7.2/../../../../arm-none-eabi/lib/thumb/libc.a(lib_a-strtok_r.o)
 .debug_info    0x000000000000a2b5     0x1357 /opt/local/lib/gcc/arm-none-eabi/4.7.2/../../../../arm-none-eabi/lib/thumb/libc.a(lib_a-svfscanf.o)
 .debug_info    0x000000000000b60c      0x9ff /opt/local/lib/gcc/arm-none-eabi/4.7.2/../../../../arm-none-eabi/lib/thumb/libc.a(lib_a-writer.o)
 .debug_info    0x000000000000c00b      0x9b6 /opt/local/lib/gcc/arm-none-eabi/4.7.2/../../../../arm-none-eabi/lib/thumb/libc.a(lib_a-closer.o)
 .debug_info    0x000000000000c9c1      0x961 /opt/local/lib/gcc/arm-none-eabi/4.7.2/../../../../arm-none-eabi/lib/thumb/libc.a(lib_a-impure.o)
 .debug_info    0x000000000000d322       0xc6 /opt/local/lib/gcc/arm-none-eabi/4.7.2/../../../../arm-none-eabi/lib/thumb/libc.a(lib_a-iswspace.o)
 .debug_info    0x000000000000d3e8      0xd0c /opt/local/lib/gcc/arm-none-eabi/4.7.2/../../../../arm-none-eabi/lib/thumb/libc.a(lib_a-locale.o)
 .debug_info    0x000000000000e0f4      0x9ed /opt/local/lib/gcc/arm-none-eabi/4.7.2/../../../../arm-none-eabi/lib/thumb/libc.a(lib_a-lseekr.o)
 .debug_info    0x000000000000eae1      0xb5f /opt/local/lib/gcc/arm-none-eabi/4.7.2/../../../../arm-none-eabi/lib/thumb/libc.a(lib_a-mbrtowc.o)
 .debug_info    0x000000000000f640      0xacb /opt/local/lib/gcc/arm-none-eabi/4.7.2/../../../../arm-none-eabi/lib/thumb/libc.a(lib_a-mbtowc_r.o)
 .debug_info    0x000000000001010b      0x119 /opt/local/lib/gcc/arm-none-eabi/4.7.2/../../../../arm-none-eabi/lib/thumb/libc.a(lib_a-memset.o)
 .debug_info    0x0000000000010224      0x9f8 /opt/local/lib/gcc/arm-none-eabi/4.7.2/../../../../arm-none-eabi/lib/thumb/libc.a(lib_a-readr.o)
 .debug_info    0x0000000000010c1c      0xb27 /opt/local/lib/gcc/arm-none-eabi/4.7.2/../../../../arm-none-eabi/lib/thumb/libc.a(lib_a-reent.o)
 .debug_info    0x0000000000011743      0x147 /opt/local/lib/gcc/arm-none-eabi/4.7.2/../../../../arm-none-eabi/lib/thumb/libc.a(lib_a-s_fpclassify.o)
 .debug_info    0x000000000001188a      0x100 /opt/local/lib/gcc/arm-none-eabi/4.7.2/../../../../arm-none-eabi/lib/thumb/libc.a(lib_a-sccl.o)
 .debug_info    0x000000000001198a       0xce /opt/local/lib/gcc/arm-none-eabi/4.7.2/../../../../arm-none-eabi/lib/thumb/libc.a(lib_a-sf_nan.o)
 .debug_info    0x0000000000011a58      0xacf /opt/local/lib/gcc/arm-none-eabi/4.7.2/../../../../arm-none-eabi/lib/thumb/libc.a(lib_a-sprintf.o)
 .debug_info    0x0000000000012527     0x188f /opt/local/lib/gcc/arm-none-eabi/4.7.2/../../../../arm-none-eabi/lib/thumb/libc.a(lib_a-strtod.o)
 .debug_info    0x0000000000013db6      0xa80 /opt/local/lib/gcc/arm-none-eabi/4.7.2/../../../../arm-none-eabi/lib/thumb/libc.a(lib_a-strtol.o)
 .debug_info    0x0000000000014836      0xa80 /opt/local/lib/gcc/arm-none-eabi/4.7.2/../../../../arm-none-eabi/lib/thumb/libc.a(lib_a-strtoul.o)
 .debug_info    0x00000000000152b6     0x122c /opt/local/lib/gcc/arm-none-eabi/4.7.2/../../../../arm-none-eabi/lib/thumb/libc.a(lib_a-svfiscanf.o)
 .debug_info    0x00000000000164e2     0x1769 /opt/local/lib/gcc/arm-none-eabi/4.7.2/../../../../arm-none-eabi/lib/thumb/libc.a(lib_a-svfprintf.o)
 .debug_info    0x0000000000017c4b     0x1dca /opt/local/lib/gcc/arm-none-eabi/4.7.2/../../../../arm-none-eabi/lib/thumb/libc.a(lib_a-syscalls.o)
 .debug_info    0x0000000000019a15      0xb72 /opt/local/lib/gcc/arm-none-eabi/4.7.2/../../../../arm-none-eabi/lib/thumb/libc.a(lib_a-ungetc.o)
 .debug_info    0x000000000001a587     0x143f /opt/local/lib/gcc/arm-none-eabi/4.7.2/../../../../arm-none-eabi/lib/thumb/libc.a(lib_a-dtoa.o)
 .debug_info    0x000000000001b9c6      0x95a /opt/local/lib/gcc/arm-none-eabi/4.7.2/../../../../arm-none-eabi/lib/thumb/libc.a(lib_a-errno.o)
 .debug_info    0x000000000001c320      0xb86 /opt/local/lib/gcc/arm-none-eabi/4.7.2/../../../../arm-none-eabi/lib/thumb/libc.a(lib_a-fflush.o)
 .debug_info    0x000000000001cea6      0xdbf /opt/local/lib/gcc/arm-none-eabi/4.7.2/../../../../arm-none-eabi/lib/thumb/libc.a(lib_a-findfp.o)
 .debug_info    0x000000000001dc65      0xd0e /opt/local/lib/gcc/arm-none-eabi/4.7.2/../../../../arm-none-eabi/lib/thumb/libc.a(lib_a-freer.o)
 .debug_info    0x000000000001e973      0xa79 /opt/local/lib/gcc/arm-none-eabi/4.7.2/../../../../arm-none-eabi/lib/thumb/libc.a(lib_a-fwalk.o)
 .debug_info    0x000000000001f3ec     0x1356 /opt/local/lib/gcc/arm-none-eabi/4.7.2/../../../../arm-none-eabi/lib/thumb/libc.a(lib_a-gdtoa-gethex.o)
 .debug_info    0x0000000000020742      0x328 /opt/local/lib/gcc/arm-none-eabi/4.7.2/../../../../arm-none-eabi/lib/thumb/libc.a(lib_a-gdtoa-hexnan.o)
 .debug_info    0x0000000000020a6a      0xe72 /opt/local/lib/gcc/arm-none-eabi/4.7.2/../../../../arm-none-eabi/lib/thumb/libc.a(lib_a-mallocr.o)
 .debug_info    0x00000000000218dc      0x12c /opt/local/lib/gcc/arm-none-eabi/4.7.2/../../../../arm-none-eabi/lib/thumb/libc.a(lib_a-memchr-stub.o)
 .debug_info    0x0000000000021a08      0x132 /opt/local/lib/gcc/arm-none-eabi/4.7.2/../../../../arm-none-eabi/lib/thumb/libc.a(lib_a-memcpy-stub.o)
 .debug_info    0x0000000000021b3a      0x985 /opt/local/lib/gcc/arm-none-eabi/4.7.2/../../../../arm-none-eabi/lib/thumb/libc.a(lib_a-mlock.o)
 .debug_info    0x00000000000224bf     0x177e /opt/local/lib/gcc/arm-none-eabi/4.7.2/../../../../arm-none-eabi/lib/thumb/libc.a(lib_a-mprec.o)
 .debug_info    0x0000000000023c3d      0xdae /opt/local/lib/gcc/arm-none-eabi/4.7.2/../../../../arm-none-eabi/lib/thumb/libc.a(lib_a-reallocr.o)
 .debug_info    0x00000000000249eb      0x9cc /opt/local/lib/gcc/arm-none-eabi/4.7.2/../../../../arm-none-eabi/lib/thumb/libc.a(lib_a-sbrkr.o)
 .debug_info    0x00000000000253b7     0x111d /opt/local/lib/gcc/arm-none-eabi/4.7.2/../../../../arm-none-eabi/lib/thumb/libc.a(lib_a-svfiprintf.o)
 .debug_info    0x00000000000264d4      0xac6 /opt/local/lib/gcc/arm-none-eabi/4.7.2/../../../../arm-none-eabi/lib/thumb/libc.a(lib_a-callocr.o)
 .debug_info    0x0000000000026f9a      0xab0 /opt/local/lib/gcc/arm-none-eabi/4.7.2/../../../../arm-none-eabi/lib/thumb/libc.a(lib_a-fclose.o)
 .debug_info    0x0000000000027a4a      0x132 /opt/local/lib/gcc/arm-none-eabi/4.7.2/../../../../arm-none-eabi/lib/thumb/libc.a(lib_a-memmove.o)
 .debug_info    0x0000000000027b7c      0x131 /opt/local/lib/gcc/arm-none-eabi/4.7.2/thumb/libgcc.a(_udivsi3.o)
 .debug_info    0x0000000000027cad      0x131 /opt/local/lib/gcc/arm-none-eabi/4.7.2/thumb/libgcc.a(_divsi3.o)
 .debug_info    0x0000000000027dde      0x131 /opt/local/lib/gcc/arm-none-eabi/4.7.2/thumb/libgcc.a(_dvmd_tls.o)
 .debug_info    0x0000000000027f0f      0x132 /opt/local/lib/gcc/arm-none-eabi/4.7.2/thumb/libgcc.a(_arm_addsubdf3.o)
 .debug_info    0x0000000000028041      0x132 /opt/local/lib/gcc/arm-none-eabi/4.7.2/thumb/libgcc.a(_arm_muldivdf3.o)
 .debug_info    0x0000000000028173      0x132 /opt/local/lib/gcc/arm-none-eabi/4.7.2/thumb/libgcc.a(_arm_cmpdf2.o)
 .debug_info    0x00000000000282a5      0x132 /opt/local/lib/gcc/arm-none-eabi/4.7.2/thumb/libgcc.a(_arm_fixdfsi.o)
 .debug_info    0x00000000000283d7      0x132 /opt/local/lib/gcc/arm-none-eabi/4.7.2/thumb/libgcc.a(_arm_fixunsdfsi.o)
 .debug_info    0x0000000000028509      0x132 /opt/local/lib/gcc/arm-none-eabi/4.7.2/thumb/libgcc.a(_arm_truncdfsf2.o)

.debug_abbrev   0x0000000000000000     0x8ad8
 .debug_abbrev  0x0000000000000000       0xfa main.o
 .debug_abbrev  0x00000000000000fa       0x4d Ap.o
 .debug_abbrev  0x0000000000000147      0x411 Ap_StrCmd.o
 .debug_abbrev  0x0000000000000558      0x168 Ap_StrCmd_Q.o
 .debug_abbrev  0x00000000000006c0       0x59 Ap_StrCmd_List.o
 .debug_abbrev  0x0000000000000719      0x103 Ap_StrCmd_MOVE.o
 .debug_abbrev  0x000000000000081c      0x15f Lb_Util.o
 .debug_abbrev  0x000000000000097b      0x347 Lb_Printf.o
 .debug_abbrev  0x0000000000000cc2       0xd0 Hw_StartUp.o
 .debug_abbrev  0x0000000000000d92       0xf1 Hw.o
 .debug_abbrev  0x0000000000000e83      0x2b9 Hw_Uart.o
 .debug_abbrev  0x000000000000113c       0x44 Hw_PLL.o
 .debug_abbrev  0x0000000000001180      0x103 Hw_Led.o
 .debug_abbrev  0x0000000000001283      0x14e Hw_Uart_Q.o
 .debug_abbrev  0x00000000000013d1       0xd1 Hw_ISR.o
 .debug_abbrev  0x00000000000014a2      0x215 Hw_Timer.o
 .debug_abbrev  0x00000000000016b7       0xe6 Hw_VCom.o
 .debug_abbrev  0x000000000000179d      0x127 Hw_Adc.o
 .debug_abbrev  0x00000000000018c4      0x22a Hw_DcMotor.o
 .debug_abbrev  0x0000000000001aee       0x5d usb_desc.o
 .debug_abbrev  0x0000000000001b4b       0xf2 usb_endp.o
 .debug_abbrev  0x0000000000001c3d      0x138 usb_istr.o
 .debug_abbrev  0x0000000000001d75      0x221 usb_prop.o
 .debug_abbrev  0x0000000000001f96      0x18b usb_pwr.o
 .debug_abbrev  0x0000000000002121      0x2ae hw_config.o
 .debug_abbrev  0x00000000000023cf      0x38e usb_core.o
 .debug_abbrev  0x000000000000275d      0x10a usb_init.o
 .debug_abbrev  0x0000000000002867       0xa3 usb_mem.o
 .debug_abbrev  0x000000000000290a      0x227 usb_regs.o
 .debug_abbrev  0x0000000000002b31       0xc7 usb_sil.o
 .debug_abbrev  0x0000000000002bf8       0xd0 usb_int.o
 .debug_abbrev  0x0000000000002cc8       0x4c /opt/local/lib/gcc/arm-none-eabi/4.7.2/../../../../arm-none-eabi/lib/thumb/libc.a(lib_a-ctype_.o)
 .debug_abbrev  0x0000000000002d14      0x207 /opt/local/lib/gcc/arm-none-eabi/4.7.2/../../../../arm-none-eabi/lib/thumb/libc.a(lib_a-sscanf.o)
 .debug_abbrev  0x0000000000002f1b      0x229 /opt/local/lib/gcc/arm-none-eabi/4.7.2/../../../../arm-none-eabi/lib/thumb/libc.a(lib_a-stdio.o)
 .debug_abbrev  0x0000000000003144       0x70 /opt/local/lib/gcc/arm-none-eabi/4.7.2/../../../../arm-none-eabi/lib/thumb/libc.a(lib_a-strcmp.o)
 .debug_abbrev  0x00000000000031b4       0x8a /opt/local/lib/gcc/arm-none-eabi/4.7.2/../../../../arm-none-eabi/lib/thumb/libc.a(lib_a-strlen.o)
 .debug_abbrev  0x000000000000323e       0x7f /opt/local/lib/gcc/arm-none-eabi/4.7.2/../../../../arm-none-eabi/lib/thumb/libc.a(lib_a-strncmp.o)
 .debug_abbrev  0x00000000000032bd      0x1bb /opt/local/lib/gcc/arm-none-eabi/4.7.2/../../../../arm-none-eabi/lib/thumb/libc.a(lib_a-strtok.o)
 .debug_abbrev  0x0000000000003478       0xea /opt/local/lib/gcc/arm-none-eabi/4.7.2/../../../../arm-none-eabi/lib/thumb/libc.a(lib_a-strtok_r.o)
 .debug_abbrev  0x0000000000003562      0x2b5 /opt/local/lib/gcc/arm-none-eabi/4.7.2/../../../../arm-none-eabi/lib/thumb/libc.a(lib_a-svfscanf.o)
 .debug_abbrev  0x0000000000003817      0x1d4 /opt/local/lib/gcc/arm-none-eabi/4.7.2/../../../../arm-none-eabi/lib/thumb/libc.a(lib_a-writer.o)
 .debug_abbrev  0x00000000000039eb      0x1cf /opt/local/lib/gcc/arm-none-eabi/4.7.2/../../../../arm-none-eabi/lib/thumb/libc.a(lib_a-closer.o)
 .debug_abbrev  0x0000000000003bba      0x160 /opt/local/lib/gcc/arm-none-eabi/4.7.2/../../../../arm-none-eabi/lib/thumb/libc.a(lib_a-impure.o)
 .debug_abbrev  0x0000000000003d1a       0x81 /opt/local/lib/gcc/arm-none-eabi/4.7.2/../../../../arm-none-eabi/lib/thumb/libc.a(lib_a-iswspace.o)
 .debug_abbrev  0x0000000000003d9b      0x277 /opt/local/lib/gcc/arm-none-eabi/4.7.2/../../../../arm-none-eabi/lib/thumb/libc.a(lib_a-locale.o)
 .debug_abbrev  0x0000000000004012      0x1de /opt/local/lib/gcc/arm-none-eabi/4.7.2/../../../../arm-none-eabi/lib/thumb/libc.a(lib_a-lseekr.o)
 .debug_abbrev  0x00000000000041f0      0x1f5 /opt/local/lib/gcc/arm-none-eabi/4.7.2/../../../../arm-none-eabi/lib/thumb/libc.a(lib_a-mbrtowc.o)
 .debug_abbrev  0x00000000000043e5      0x1f4 /opt/local/lib/gcc/arm-none-eabi/4.7.2/../../../../arm-none-eabi/lib/thumb/libc.a(lib_a-mbtowc_r.o)
 .debug_abbrev  0x00000000000045d9       0xac /opt/local/lib/gcc/arm-none-eabi/4.7.2/../../../../arm-none-eabi/lib/thumb/libc.a(lib_a-memset.o)
 .debug_abbrev  0x0000000000004685      0x1cf /opt/local/lib/gcc/arm-none-eabi/4.7.2/../../../../arm-none-eabi/lib/thumb/libc.a(lib_a-readr.o)
 .debug_abbrev  0x0000000000004854      0x244 /opt/local/lib/gcc/arm-none-eabi/4.7.2/../../../../arm-none-eabi/lib/thumb/libc.a(lib_a-reent.o)
 .debug_abbrev  0x0000000000004a98       0xc6 /opt/local/lib/gcc/arm-none-eabi/4.7.2/../../../../arm-none-eabi/lib/thumb/libc.a(lib_a-s_fpclassify.o)
 .debug_abbrev  0x0000000000004b5e       0x87 /opt/local/lib/gcc/arm-none-eabi/4.7.2/../../../../arm-none-eabi/lib/thumb/libc.a(lib_a-sccl.o)
 .debug_abbrev  0x0000000000004be5       0x70 /opt/local/lib/gcc/arm-none-eabi/4.7.2/../../../../arm-none-eabi/lib/thumb/libc.a(lib_a-sf_nan.o)
 .debug_abbrev  0x0000000000004c55      0x1fa /opt/local/lib/gcc/arm-none-eabi/4.7.2/../../../../arm-none-eabi/lib/thumb/libc.a(lib_a-sprintf.o)
 .debug_abbrev  0x0000000000004e4f      0x3ac /opt/local/lib/gcc/arm-none-eabi/4.7.2/../../../../arm-none-eabi/lib/thumb/libc.a(lib_a-strtod.o)
 .debug_abbrev  0x00000000000051fb      0x1f1 /opt/local/lib/gcc/arm-none-eabi/4.7.2/../../../../arm-none-eabi/lib/thumb/libc.a(lib_a-strtol.o)
 .debug_abbrev  0x00000000000053ec      0x1f1 /opt/local/lib/gcc/arm-none-eabi/4.7.2/../../../../arm-none-eabi/lib/thumb/libc.a(lib_a-strtoul.o)
 .debug_abbrev  0x00000000000055dd      0x349 /opt/local/lib/gcc/arm-none-eabi/4.7.2/../../../../arm-none-eabi/lib/thumb/libc.a(lib_a-svfiscanf.o)
 .debug_abbrev  0x0000000000005926      0x351 /opt/local/lib/gcc/arm-none-eabi/4.7.2/../../../../arm-none-eabi/lib/thumb/libc.a(lib_a-svfprintf.o)
 .debug_abbrev  0x0000000000005c77      0x4e7 /opt/local/lib/gcc/arm-none-eabi/4.7.2/../../../../arm-none-eabi/lib/thumb/libc.a(lib_a-syscalls.o)
 .debug_abbrev  0x000000000000615e      0x220 /opt/local/lib/gcc/arm-none-eabi/4.7.2/../../../../arm-none-eabi/lib/thumb/libc.a(lib_a-ungetc.o)
 .debug_abbrev  0x000000000000637e      0x2ad /opt/local/lib/gcc/arm-none-eabi/4.7.2/../../../../arm-none-eabi/lib/thumb/libc.a(lib_a-dtoa.o)
 .debug_abbrev  0x000000000000662b      0x16f /opt/local/lib/gcc/arm-none-eabi/4.7.2/../../../../arm-none-eabi/lib/thumb/libc.a(lib_a-errno.o)
 .debug_abbrev  0x000000000000679a      0x25d /opt/local/lib/gcc/arm-none-eabi/4.7.2/../../../../arm-none-eabi/lib/thumb/libc.a(lib_a-fflush.o)
 .debug_abbrev  0x00000000000069f7      0x2ec /opt/local/lib/gcc/arm-none-eabi/4.7.2/../../../../arm-none-eabi/lib/thumb/libc.a(lib_a-findfp.o)
 .debug_abbrev  0x0000000000006ce3      0x24d /opt/local/lib/gcc/arm-none-eabi/4.7.2/../../../../arm-none-eabi/lib/thumb/libc.a(lib_a-freer.o)
 .debug_abbrev  0x0000000000006f30      0x1a4 /opt/local/lib/gcc/arm-none-eabi/4.7.2/../../../../arm-none-eabi/lib/thumb/libc.a(lib_a-fwalk.o)
 .debug_abbrev  0x00000000000070d4      0x380 /opt/local/lib/gcc/arm-none-eabi/4.7.2/../../../../arm-none-eabi/lib/thumb/libc.a(lib_a-gdtoa-gethex.o)
 .debug_abbrev  0x0000000000007454      0x161 /opt/local/lib/gcc/arm-none-eabi/4.7.2/../../../../arm-none-eabi/lib/thumb/libc.a(lib_a-gdtoa-hexnan.o)
 .debug_abbrev  0x00000000000075b5      0x284 /opt/local/lib/gcc/arm-none-eabi/4.7.2/../../../../arm-none-eabi/lib/thumb/libc.a(lib_a-mallocr.o)
 .debug_abbrev  0x0000000000007839       0xa9 /opt/local/lib/gcc/arm-none-eabi/4.7.2/../../../../arm-none-eabi/lib/thumb/libc.a(lib_a-memchr-stub.o)
 .debug_abbrev  0x00000000000078e2       0xa9 /opt/local/lib/gcc/arm-none-eabi/4.7.2/../../../../arm-none-eabi/lib/thumb/libc.a(lib_a-memcpy-stub.o)
 .debug_abbrev  0x000000000000798b      0x17a /opt/local/lib/gcc/arm-none-eabi/4.7.2/../../../../arm-none-eabi/lib/thumb/libc.a(lib_a-mlock.o)
 .debug_abbrev  0x0000000000007b05      0x35a /opt/local/lib/gcc/arm-none-eabi/4.7.2/../../../../arm-none-eabi/lib/thumb/libc.a(lib_a-mprec.o)
 .debug_abbrev  0x0000000000007e5f      0x232 /opt/local/lib/gcc/arm-none-eabi/4.7.2/../../../../arm-none-eabi/lib/thumb/libc.a(lib_a-reallocr.o)
 .debug_abbrev  0x0000000000008091      0x1dd /opt/local/lib/gcc/arm-none-eabi/4.7.2/../../../../arm-none-eabi/lib/thumb/libc.a(lib_a-sbrkr.o)
 .debug_abbrev  0x000000000000826e      0x2c9 /opt/local/lib/gcc/arm-none-eabi/4.7.2/../../../../arm-none-eabi/lib/thumb/libc.a(lib_a-svfiprintf.o)
 .debug_abbrev  0x0000000000008537      0x204 /opt/local/lib/gcc/arm-none-eabi/4.7.2/../../../../arm-none-eabi/lib/thumb/libc.a(lib_a-callocr.o)
 .debug_abbrev  0x000000000000873b      0x240 /opt/local/lib/gcc/arm-none-eabi/4.7.2/../../../../arm-none-eabi/lib/thumb/libc.a(lib_a-fclose.o)
 .debug_abbrev  0x000000000000897b       0xa9 /opt/local/lib/gcc/arm-none-eabi/4.7.2/../../../../arm-none-eabi/lib/thumb/libc.a(lib_a-memmove.o)
 .debug_abbrev  0x0000000000008a24       0x14 /opt/local/lib/gcc/arm-none-eabi/4.7.2/thumb/libgcc.a(_udivsi3.o)
 .debug_abbrev  0x0000000000008a38       0x14 /opt/local/lib/gcc/arm-none-eabi/4.7.2/thumb/libgcc.a(_divsi3.o)
 .debug_abbrev  0x0000000000008a4c       0x14 /opt/local/lib/gcc/arm-none-eabi/4.7.2/thumb/libgcc.a(_dvmd_tls.o)
 .debug_abbrev  0x0000000000008a60       0x14 /opt/local/lib/gcc/arm-none-eabi/4.7.2/thumb/libgcc.a(_arm_addsubdf3.o)
 .debug_abbrev  0x0000000000008a74       0x14 /opt/local/lib/gcc/arm-none-eabi/4.7.2/thumb/libgcc.a(_arm_muldivdf3.o)
 .debug_abbrev  0x0000000000008a88       0x14 /opt/local/lib/gcc/arm-none-eabi/4.7.2/thumb/libgcc.a(_arm_cmpdf2.o)
 .debug_abbrev  0x0000000000008a9c       0x14 /opt/local/lib/gcc/arm-none-eabi/4.7.2/thumb/libgcc.a(_arm_fixdfsi.o)
 .debug_abbrev  0x0000000000008ab0       0x14 /opt/local/lib/gcc/arm-none-eabi/4.7.2/thumb/libgcc.a(_arm_fixunsdfsi.o)
 .debug_abbrev  0x0000000000008ac4       0x14 /opt/local/lib/gcc/arm-none-eabi/4.7.2/thumb/libgcc.a(_arm_truncdfsf2.o)

.debug_loc      0x0000000000000000    0x1c3cd
 .debug_loc     0x0000000000000000       0xb6 main.o
 .debug_loc     0x00000000000000b6       0x20 Ap.o
 .debug_loc     0x00000000000000d6      0x8b3 Ap_StrCmd.o
 .debug_loc     0x0000000000000989      0x1a3 Ap_StrCmd_Q.o
 .debug_loc     0x0000000000000b2c       0x20 Ap_StrCmd_List.o
 .debug_loc     0x0000000000000b4c       0xec Ap_StrCmd_MOVE.o
 .debug_loc     0x0000000000000c38      0x1fa Lb_Util.o
 .debug_loc     0x0000000000000e32      0xe14 Lb_Printf.o
 .debug_loc     0x0000000000001c46       0x76 Hw_StartUp.o
 .debug_loc     0x0000000000001cbc       0xd7 Hw.o
 .debug_loc     0x0000000000001d93      0x56c Hw_Uart.o
 .debug_loc     0x00000000000022ff       0x4b Hw_Led.o
 .debug_loc     0x000000000000234a      0x18d Hw_Uart_Q.o
 .debug_loc     0x00000000000024d7       0x42 Hw_ISR.o
 .debug_loc     0x0000000000002519      0x177 Hw_Timer.o
 .debug_loc     0x0000000000002690       0x8d Hw_VCom.o
 .debug_loc     0x000000000000271d       0xa3 Hw_Adc.o
 .debug_loc     0x00000000000027c0      0x4b5 Hw_DcMotor.o
 .debug_loc     0x0000000000002c75       0xb1 usb_endp.o
 .debug_loc     0x0000000000002d26       0x6e usb_istr.o
 .debug_loc     0x0000000000002d94      0x2a4 usb_prop.o
 .debug_loc     0x0000000000003038      0x252 usb_pwr.o
 .debug_loc     0x000000000000328a      0x21b hw_config.o
 .debug_loc     0x00000000000034a5      0xb10 usb_core.o
 .debug_loc     0x0000000000003fb5       0x20 usb_init.o
 .debug_loc     0x0000000000003fd5      0x237 usb_mem.o
 .debug_loc     0x000000000000420c      0xc9e usb_regs.o
 .debug_loc     0x0000000000004eaa      0x135 usb_sil.o
 .debug_loc     0x0000000000004fdf      0x15a usb_int.o
 .debug_loc     0x0000000000005139       0xe0 /opt/local/lib/gcc/arm-none-eabi/4.7.2/../../../../arm-none-eabi/lib/thumb/libc.a(lib_a-sscanf.o)
 .debug_loc     0x0000000000005219      0x2c7 /opt/local/lib/gcc/arm-none-eabi/4.7.2/../../../../arm-none-eabi/lib/thumb/libc.a(lib_a-stdio.o)
 .debug_loc     0x00000000000054e0       0x21 /opt/local/lib/gcc/arm-none-eabi/4.7.2/../../../../arm-none-eabi/lib/thumb/libc.a(lib_a-strcmp.o)
 .debug_loc     0x0000000000005501       0x21 /opt/local/lib/gcc/arm-none-eabi/4.7.2/../../../../arm-none-eabi/lib/thumb/libc.a(lib_a-strlen.o)
 .debug_loc     0x0000000000005522      0x1d9 /opt/local/lib/gcc/arm-none-eabi/4.7.2/../../../../arm-none-eabi/lib/thumb/libc.a(lib_a-strncmp.o)
 .debug_loc     0x00000000000056fb       0x62 /opt/local/lib/gcc/arm-none-eabi/4.7.2/../../../../arm-none-eabi/lib/thumb/libc.a(lib_a-strtok.o)
 .debug_loc     0x000000000000575d      0x267 /opt/local/lib/gcc/arm-none-eabi/4.7.2/../../../../arm-none-eabi/lib/thumb/libc.a(lib_a-strtok_r.o)
 .debug_loc     0x00000000000059c4     0x1ca2 /opt/local/lib/gcc/arm-none-eabi/4.7.2/../../../../arm-none-eabi/lib/thumb/libc.a(lib_a-svfscanf.o)
 .debug_loc     0x0000000000007666       0xd0 /opt/local/lib/gcc/arm-none-eabi/4.7.2/../../../../arm-none-eabi/lib/thumb/libc.a(lib_a-writer.o)
 .debug_loc     0x0000000000007736       0x78 /opt/local/lib/gcc/arm-none-eabi/4.7.2/../../../../arm-none-eabi/lib/thumb/libc.a(lib_a-closer.o)
 .debug_loc     0x00000000000077ae       0x4c /opt/local/lib/gcc/arm-none-eabi/4.7.2/../../../../arm-none-eabi/lib/thumb/libc.a(lib_a-iswspace.o)
 .debug_loc     0x00000000000077fa      0x127 /opt/local/lib/gcc/arm-none-eabi/4.7.2/../../../../arm-none-eabi/lib/thumb/libc.a(lib_a-locale.o)
 .debug_loc     0x0000000000007921       0xd0 /opt/local/lib/gcc/arm-none-eabi/4.7.2/../../../../arm-none-eabi/lib/thumb/libc.a(lib_a-lseekr.o)
 .debug_loc     0x00000000000079f1      0x2df /opt/local/lib/gcc/arm-none-eabi/4.7.2/../../../../arm-none-eabi/lib/thumb/libc.a(lib_a-mbrtowc.o)
 .debug_loc     0x0000000000007cd0      0x1b1 /opt/local/lib/gcc/arm-none-eabi/4.7.2/../../../../arm-none-eabi/lib/thumb/libc.a(lib_a-mbtowc_r.o)
 .debug_loc     0x0000000000007e81      0x17e /opt/local/lib/gcc/arm-none-eabi/4.7.2/../../../../arm-none-eabi/lib/thumb/libc.a(lib_a-memset.o)
 .debug_loc     0x0000000000007fff       0xd0 /opt/local/lib/gcc/arm-none-eabi/4.7.2/../../../../arm-none-eabi/lib/thumb/libc.a(lib_a-readr.o)
 .debug_loc     0x00000000000080cf      0x1d8 /opt/local/lib/gcc/arm-none-eabi/4.7.2/../../../../arm-none-eabi/lib/thumb/libc.a(lib_a-reent.o)
 .debug_loc     0x00000000000082a7       0xaf /opt/local/lib/gcc/arm-none-eabi/4.7.2/../../../../arm-none-eabi/lib/thumb/libc.a(lib_a-s_fpclassify.o)
 .debug_loc     0x0000000000008356      0x1fc /opt/local/lib/gcc/arm-none-eabi/4.7.2/../../../../arm-none-eabi/lib/thumb/libc.a(lib_a-sccl.o)
 .debug_loc     0x0000000000008552       0x21 /opt/local/lib/gcc/arm-none-eabi/4.7.2/../../../../arm-none-eabi/lib/thumb/libc.a(lib_a-sf_nan.o)
 .debug_loc     0x0000000000008573      0x106 /opt/local/lib/gcc/arm-none-eabi/4.7.2/../../../../arm-none-eabi/lib/thumb/libc.a(lib_a-sprintf.o)
 .debug_loc     0x0000000000008679     0x2650 /opt/local/lib/gcc/arm-none-eabi/4.7.2/../../../../arm-none-eabi/lib/thumb/libc.a(lib_a-strtod.o)
 .debug_loc     0x000000000000acc9      0x3fa /opt/local/lib/gcc/arm-none-eabi/4.7.2/../../../../arm-none-eabi/lib/thumb/libc.a(lib_a-strtol.o)
 .debug_loc     0x000000000000b0c3      0x409 /opt/local/lib/gcc/arm-none-eabi/4.7.2/../../../../arm-none-eabi/lib/thumb/libc.a(lib_a-strtoul.o)
 .debug_loc     0x000000000000b4cc     0x16f7 /opt/local/lib/gcc/arm-none-eabi/4.7.2/../../../../arm-none-eabi/lib/thumb/libc.a(lib_a-svfiscanf.o)
 .debug_loc     0x000000000000cbc3     0x3073 /opt/local/lib/gcc/arm-none-eabi/4.7.2/../../../../arm-none-eabi/lib/thumb/libc.a(lib_a-svfprintf.o)
 .debug_loc     0x000000000000fc36     0x1299 /opt/local/lib/gcc/arm-none-eabi/4.7.2/../../../../arm-none-eabi/lib/thumb/libc.a(lib_a-syscalls.o)
 .debug_loc     0x0000000000010ecf      0x274 /opt/local/lib/gcc/arm-none-eabi/4.7.2/../../../../arm-none-eabi/lib/thumb/libc.a(lib_a-ungetc.o)
 .debug_loc     0x0000000000011143     0x244e /opt/local/lib/gcc/arm-none-eabi/4.7.2/../../../../arm-none-eabi/lib/thumb/libc.a(lib_a-dtoa.o)
 .debug_loc     0x0000000000013591      0x33c /opt/local/lib/gcc/arm-none-eabi/4.7.2/../../../../arm-none-eabi/lib/thumb/libc.a(lib_a-fflush.o)
 .debug_loc     0x00000000000138cd      0x362 /opt/local/lib/gcc/arm-none-eabi/4.7.2/../../../../arm-none-eabi/lib/thumb/libc.a(lib_a-findfp.o)
 .debug_loc     0x0000000000013c2f      0x685 /opt/local/lib/gcc/arm-none-eabi/4.7.2/../../../../arm-none-eabi/lib/thumb/libc.a(lib_a-freer.o)
 .debug_loc     0x00000000000142b4      0x1f7 /opt/local/lib/gcc/arm-none-eabi/4.7.2/../../../../arm-none-eabi/lib/thumb/libc.a(lib_a-fwalk.o)
 .debug_loc     0x00000000000144ab     0x130d /opt/local/lib/gcc/arm-none-eabi/4.7.2/../../../../arm-none-eabi/lib/thumb/libc.a(lib_a-gdtoa-gethex.o)
 .debug_loc     0x00000000000157b8      0x617 /opt/local/lib/gcc/arm-none-eabi/4.7.2/../../../../arm-none-eabi/lib/thumb/libc.a(lib_a-gdtoa-hexnan.o)
 .debug_loc     0x0000000000015dcf      0xe06 /opt/local/lib/gcc/arm-none-eabi/4.7.2/../../../../arm-none-eabi/lib/thumb/libc.a(lib_a-mallocr.o)
 .debug_loc     0x0000000000016bd5      0x1aa /opt/local/lib/gcc/arm-none-eabi/4.7.2/../../../../arm-none-eabi/lib/thumb/libc.a(lib_a-memchr-stub.o)
 .debug_loc     0x0000000000016d7f      0x23a /opt/local/lib/gcc/arm-none-eabi/4.7.2/../../../../arm-none-eabi/lib/thumb/libc.a(lib_a-memcpy-stub.o)
 .debug_loc     0x0000000000016fb9     0x1db8 /opt/local/lib/gcc/arm-none-eabi/4.7.2/../../../../arm-none-eabi/lib/thumb/libc.a(lib_a-mprec.o)
 .debug_loc     0x0000000000018d71     0x179e /opt/local/lib/gcc/arm-none-eabi/4.7.2/../../../../arm-none-eabi/lib/thumb/libc.a(lib_a-reallocr.o)
 .debug_loc     0x000000000001a50f       0x78 /opt/local/lib/gcc/arm-none-eabi/4.7.2/../../../../arm-none-eabi/lib/thumb/libc.a(lib_a-sbrkr.o)
 .debug_loc     0x000000000001a587     0x185d /opt/local/lib/gcc/arm-none-eabi/4.7.2/../../../../arm-none-eabi/lib/thumb/libc.a(lib_a-svfiprintf.o)
 .debug_loc     0x000000000001bde4      0x246 /opt/local/lib/gcc/arm-none-eabi/4.7.2/../../../../arm-none-eabi/lib/thumb/libc.a(lib_a-callocr.o)
 .debug_loc     0x000000000001c02a      0x12f /opt/local/lib/gcc/arm-none-eabi/4.7.2/../../../../arm-none-eabi/lib/thumb/libc.a(lib_a-fclose.o)
 .debug_loc     0x000000000001c159      0x274 /opt/local/lib/gcc/arm-none-eabi/4.7.2/../../../../arm-none-eabi/lib/thumb/libc.a(lib_a-memmove.o)

.debug_aranges  0x0000000000000000     0x1160
 .debug_aranges
                0x0000000000000000       0x30 main.o
 .debug_aranges
                0x0000000000000030       0x20 Ap.o
 .debug_aranges
                0x0000000000000050       0xc0 Ap_StrCmd.o
 .debug_aranges
                0x0000000000000110       0x48 Ap_StrCmd_Q.o
 .debug_aranges
                0x0000000000000158       0x20 Ap_StrCmd_List.o
 .debug_aranges
                0x0000000000000178       0x20 Ap_StrCmd_MOVE.o
 .debug_aranges
                0x0000000000000198       0x38 Lb_Util.o
 .debug_aranges
                0x00000000000001d0       0x68 Lb_Printf.o
 .debug_aranges
                0x0000000000000238       0x20 Hw_StartUp.o
 .debug_aranges
                0x0000000000000258       0x30 Hw.o
 .debug_aranges
                0x0000000000000288       0x90 Hw_Uart.o
 .debug_aranges
                0x0000000000000318       0x20 Hw_PLL.o
 .debug_aranges
                0x0000000000000338       0x40 Hw_Led.o
 .debug_aranges
                0x0000000000000378       0x48 Hw_Uart_Q.o
 .debug_aranges
                0x00000000000003c0       0x30 Hw_ISR.o
 .debug_aranges
                0x00000000000003f0       0x78 Hw_Timer.o
 .debug_aranges
                0x0000000000000468       0x30 Hw_VCom.o
 .debug_aranges
                0x0000000000000498       0x40 Hw_Adc.o
 .debug_aranges
                0x00000000000004d8       0x50 Hw_DcMotor.o
 .debug_aranges
                0x0000000000000528       0x18 usb_desc.o
 .debug_aranges
                0x0000000000000540       0x30 usb_endp.o
 .debug_aranges
                0x0000000000000570       0x20 usb_istr.o
 .debug_aranges
                0x0000000000000590       0x88 usb_prop.o
 .debug_aranges
                0x0000000000000618       0x40 usb_pwr.o
 .debug_aranges
                0x0000000000000658       0x90 hw_config.o
 .debug_aranges
                0x00000000000006e8       0x98 usb_core.o
 .debug_aranges
                0x0000000000000780       0x20 usb_init.o
 .debug_aranges
                0x00000000000007a0       0x28 usb_mem.o
 .debug_aranges
                0x00000000000007c8      0x1f0 usb_regs.o
 .debug_aranges
                0x00000000000009b8       0x30 usb_sil.o
 .debug_aranges
                0x00000000000009e8       0x28 usb_int.o
 .debug_aranges
                0x0000000000000a10       0x18 /opt/local/lib/gcc/arm-none-eabi/4.7.2/../../../../arm-none-eabi/lib/thumb/libc.a(lib_a-ctype_.o)
 .debug_aranges
                0x0000000000000a28       0x20 /opt/local/lib/gcc/arm-none-eabi/4.7.2/../../../../arm-none-eabi/lib/thumb/libc.a(lib_a-sscanf.o)
 .debug_aranges
                0x0000000000000a48       0x20 /opt/local/lib/gcc/arm-none-eabi/4.7.2/../../../../arm-none-eabi/lib/thumb/libc.a(lib_a-stdio.o)
 .debug_aranges
                0x0000000000000a68       0x20 /opt/local/lib/gcc/arm-none-eabi/4.7.2/../../../../arm-none-eabi/lib/thumb/libc.a(lib_a-strcmp.o)
 .debug_aranges
                0x0000000000000a88       0x20 /opt/local/lib/gcc/arm-none-eabi/4.7.2/../../../../arm-none-eabi/lib/thumb/libc.a(lib_a-strlen.o)
 .debug_aranges
                0x0000000000000aa8       0x20 /opt/local/lib/gcc/arm-none-eabi/4.7.2/../../../../arm-none-eabi/lib/thumb/libc.a(lib_a-strncmp.o)
 .debug_aranges
                0x0000000000000ac8       0x20 /opt/local/lib/gcc/arm-none-eabi/4.7.2/../../../../arm-none-eabi/lib/thumb/libc.a(lib_a-strtok.o)
 .debug_aranges
                0x0000000000000ae8       0x20 /opt/local/lib/gcc/arm-none-eabi/4.7.2/../../../../arm-none-eabi/lib/thumb/libc.a(lib_a-strtok_r.o)
 .debug_aranges
                0x0000000000000b08       0x20 /opt/local/lib/gcc/arm-none-eabi/4.7.2/../../../../arm-none-eabi/lib/thumb/libc.a(lib_a-svfscanf.o)
 .debug_aranges
                0x0000000000000b28       0x20 /opt/local/lib/gcc/arm-none-eabi/4.7.2/../../../../arm-none-eabi/lib/thumb/libc.a(lib_a-writer.o)
 .debug_aranges
                0x0000000000000b48       0x20 /opt/local/lib/gcc/arm-none-eabi/4.7.2/../../../../arm-none-eabi/lib/thumb/libc.a(lib_a-closer.o)
 .debug_aranges
                0x0000000000000b68       0x18 /opt/local/lib/gcc/arm-none-eabi/4.7.2/../../../../arm-none-eabi/lib/thumb/libc.a(lib_a-impure.o)
 .debug_aranges
                0x0000000000000b80       0x20 /opt/local/lib/gcc/arm-none-eabi/4.7.2/../../../../arm-none-eabi/lib/thumb/libc.a(lib_a-iswspace.o)
 .debug_aranges
                0x0000000000000ba0       0x20 /opt/local/lib/gcc/arm-none-eabi/4.7.2/../../../../arm-none-eabi/lib/thumb/libc.a(lib_a-locale.o)
 .debug_aranges
                0x0000000000000bc0       0x20 /opt/local/lib/gcc/arm-none-eabi/4.7.2/../../../../arm-none-eabi/lib/thumb/libc.a(lib_a-lseekr.o)
 .debug_aranges
                0x0000000000000be0       0x20 /opt/local/lib/gcc/arm-none-eabi/4.7.2/../../../../arm-none-eabi/lib/thumb/libc.a(lib_a-mbrtowc.o)
 .debug_aranges
                0x0000000000000c00       0x20 /opt/local/lib/gcc/arm-none-eabi/4.7.2/../../../../arm-none-eabi/lib/thumb/libc.a(lib_a-mbtowc_r.o)
 .debug_aranges
                0x0000000000000c20       0x20 /opt/local/lib/gcc/arm-none-eabi/4.7.2/../../../../arm-none-eabi/lib/thumb/libc.a(lib_a-memset.o)
 .debug_aranges
                0x0000000000000c40       0x20 /opt/local/lib/gcc/arm-none-eabi/4.7.2/../../../../arm-none-eabi/lib/thumb/libc.a(lib_a-readr.o)
 .debug_aranges
                0x0000000000000c60       0x20 /opt/local/lib/gcc/arm-none-eabi/4.7.2/../../../../arm-none-eabi/lib/thumb/libc.a(lib_a-reent.o)
 .debug_aranges
                0x0000000000000c80       0x20 /opt/local/lib/gcc/arm-none-eabi/4.7.2/../../../../arm-none-eabi/lib/thumb/libc.a(lib_a-s_fpclassify.o)
 .debug_aranges
                0x0000000000000ca0       0x20 /opt/local/lib/gcc/arm-none-eabi/4.7.2/../../../../arm-none-eabi/lib/thumb/libc.a(lib_a-sccl.o)
 .debug_aranges
                0x0000000000000cc0       0x20 /opt/local/lib/gcc/arm-none-eabi/4.7.2/../../../../arm-none-eabi/lib/thumb/libc.a(lib_a-sf_nan.o)
 .debug_aranges
                0x0000000000000ce0       0x20 /opt/local/lib/gcc/arm-none-eabi/4.7.2/../../../../arm-none-eabi/lib/thumb/libc.a(lib_a-sprintf.o)
 .debug_aranges
                0x0000000000000d00       0x20 /opt/local/lib/gcc/arm-none-eabi/4.7.2/../../../../arm-none-eabi/lib/thumb/libc.a(lib_a-strtod.o)
 .debug_aranges
                0x0000000000000d20       0x20 /opt/local/lib/gcc/arm-none-eabi/4.7.2/../../../../arm-none-eabi/lib/thumb/libc.a(lib_a-strtol.o)
 .debug_aranges
                0x0000000000000d40       0x20 /opt/local/lib/gcc/arm-none-eabi/4.7.2/../../../../arm-none-eabi/lib/thumb/libc.a(lib_a-strtoul.o)
 .debug_aranges
                0x0000000000000d60       0x20 /opt/local/lib/gcc/arm-none-eabi/4.7.2/../../../../arm-none-eabi/lib/thumb/libc.a(lib_a-svfiscanf.o)
 .debug_aranges